Component: ARM Compiler 5.06 update 3 (build 300) Tool: armlink [4d35c9]

==============================================================================

Section Cross References

    main.o(.text) refers to _printf_pad.o(.text) for _printf_pre_padding
    main.o(.text) refers to _printf_percent.o(.ARM.Collect$$_printf_percent$$00000000) for _printf_percent
    main.o(.text) refers to _printf_d.o(.ARM.Collect$$_printf_percent$$00000009) for _printf_d
    main.o(.text) refers to _printf_dec.o(.text) for _printf_int_dec
    main.o(.text) refers to stm32f4xx_dma.o(.text) for DMA_Cmd
    main.o(.text) refers to stm32f4xx_gpio.o(.text) for GPIO_PinAFConfig
    main.o(.text) refers to noretval__2sprintf.o(.text) for __2sprintf
    main.o(.text) refers to ff.o(.text) for f_open
    main.o(.text) refers to malloc.o(.text) for mymalloc
    main.o(.text) refers to dcmi.o(.text) for DCMI_DMA_Init
    main.o(.text) refers to ov2640.o(.text) for OV2640_JPEG_Mode
    main.o(.text) refers to noretval__2printf.o(.text) for __2printf
    main.o(.text) refers to misc.o(.text) for NVIC_PriorityGroupConfig
    main.o(.text) refers to delay.o(.text) for delay_init
    main.o(.text) refers to usart.o(.text) for uart_init
    main.o(.text) refers to led.o(.text) for LED_Init
    main.o(.text) refers to timer.o(.text) for TIM3_Int_Init
    main.o(.text) refers to lcd.o(.text) for LCD_Init
    main.o(.text) refers to sram.o(.text) for FSMC_SRAM_Init
    main.o(.text) refers to beep.o(.text) for BEEP_Init
    main.o(.text) refers to key.o(.text) for KEY_Init
    main.o(.text) refers to w25qxx.o(.text) for W25QXX_Init
    main.o(.text) refers to exfuns.o(.text) for exfuns_init
    main.o(.text) refers to fontupd.o(.text) for font_init
    main.o(.text) refers to text.o(.text) for Show_Str
    main.o(.text) refers to main.o(.data) for ov2640_mode
    main.o(.text) refers to exfuns.o(.data) for ftemp
    main.o(.text) refers to dcmi.o(.data) for dcmi_rx_callback
    main.o(.text) refers to usmart_config.o(.data) for usmart_dev
    main.o(.text) refers to exfuns.o(.bss) for fs
    main.o(.text) refers to lcd.o(.data) for POINT_COLOR
    main.o(.text) refers to bmp.o(.text) for bmp_encode
    main.o(.text) refers to lcd.o(.bss) for lcddev
    system_stm32f4xx.o(.text) refers to system_stm32f4xx.o(.data) for SystemCoreClock
    led.o(.text) refers to stm32f4xx_rcc.o(.text) for RCC_AHB1PeriphClockCmd
    led.o(.text) refers to stm32f4xx_gpio.o(.text) for GPIO_Init
    lcd.o(.text) refers to _printf_percent.o(.ARM.Collect$$_printf_percent$$00000000) for _printf_percent
    lcd.o(.text) refers to _printf_x.o(.ARM.Collect$$_printf_percent$$0000000C) for _printf_x
    lcd.o(.text) refers to _printf_hex_int.o(.text) for _printf_longlong_hex
    lcd.o(.text) refers to delay.o(.text) for delay_us
    lcd.o(.text) refers to lcd.o(.bss) for lcddev
    lcd.o(.text) refers to lcd.o(.data) for POINT_COLOR
    lcd.o(.text) refers to dflt_clz.o(x$fpl$dfltu) for __aeabi_ui2d
    lcd.o(.text) refers to dmul.o(x$fpl$dmul) for __aeabi_dmul
    lcd.o(.text) refers to dfixu.o(x$fpl$dfixu) for __aeabi_d2uiz
    lcd.o(.text) refers to stm32f4xx_rcc.o(.text) for RCC_AHB1PeriphClockCmd
    lcd.o(.text) refers to stm32f4xx_gpio.o(.text) for GPIO_Init
    lcd.o(.text) refers to stm32f4xx_fsmc.o(.text) for FSMC_NORSRAMInit
    lcd.o(.text) refers to noretval__2printf.o(.text) for __2printf
    lcd.o(.text) refers to lcd.o(.constdata) for asc2_1206
    key.o(.text) refers to stm32f4xx_rcc.o(.text) for RCC_AHB1PeriphClockCmd
    key.o(.text) refers to stm32f4xx_gpio.o(.text) for GPIO_Init
    key.o(.text) refers to delay.o(.text) for delay_ms
    key.o(.text) refers to key.o(.data) for key_up
    beep.o(.text) refers to stm32f4xx_rcc.o(.text) for RCC_AHB1PeriphClockCmd
    beep.o(.text) refers to stm32f4xx_gpio.o(.text) for GPIO_Init
    sram.o(.text) refers to stm32f4xx_rcc.o(.text) for RCC_AHB1PeriphClockCmd
    sram.o(.text) refers to stm32f4xx_gpio.o(.text) for GPIO_Init
    sram.o(.text) refers to stm32f4xx_fsmc.o(.text) for FSMC_NORSRAMInit
    spi.o(.text) refers to stm32f4xx_spi.o(.text) for SPI_I2S_GetFlagStatus
    spi.o(.text) refers to stm32f4xx_rcc.o(.text) for RCC_AHB1PeriphClockCmd
    spi.o(.text) refers to stm32f4xx_gpio.o(.text) for GPIO_Init
    w25qxx.o(.text) refers to _printf_percent.o(.ARM.Collect$$_printf_percent$$00000000) for _printf_percent
    w25qxx.o(.text) refers to _printf_x.o(.ARM.Collect$$_printf_percent$$0000000C) for _printf_x
    w25qxx.o(.text) refers to _printf_hex_int.o(.text) for _printf_longlong_hex
    w25qxx.o(.text) refers to spi.o(.text) for SPI1_ReadWriteByte
    w25qxx.o(.text) refers to stm32f4xx_rcc.o(.text) for RCC_AHB1PeriphClockCmd
    w25qxx.o(.text) refers to stm32f4xx_gpio.o(.text) for GPIO_Init
    w25qxx.o(.text) refers to noretval__2printf.o(.text) for __2printf
    w25qxx.o(.text) refers to delay.o(.text) for delay_us
    w25qxx.o(.text) refers to w25qxx.o(.data) for W25QXX_TYPE
[...]
    DCMI_IRQHandler                          0x08008081   Thumb Code    50  dcmi.o(.text)
    DCMI_DMA_Init                            0x080080b3   Thumb Code   172  dcmi.o(.text)
    DMA2_Stream1_IRQHandler                  0x0800815f   Thumb Code    30  dcmi.o(.text)
    My_DCMI_Init                             0x0800817d   Thumb Code   278  dcmi.o(.text)
    DCMI_Start                               0x08008293   Thumb Code    30  dcmi.o(.text)
    DCMI_Stop                                0x080082b1   Thumb Code    34  dcmi.o(.text)
    DCMI_Set_Window                          0x080082d3   Thumb Code    74  dcmi.o(.text)
    DCMI_CR_Set                              0x0800831d   Thumb Code    58  dcmi.o(.text)
    OV2640_Init                              0x08008385   Thumb Code   228  ov2640.o(.text)
    OV2640_JPEG_Mode                         0x08008469   Thumb Code    66  ov2640.o(.text)
    OV2640_RGB565_Mode                       0x080084ab   Thumb Code    36  ov2640.o(.text)
    OV2640_Auto_Exposure                     0x080084cf   Thumb Code    40  ov2640.o(.text)
    OV2640_Light_Mode                        0x080084f7   Thumb Code   118  ov2640.o(.text)
    OV2640_Color_Saturation                  0x0800856d   Thumb Code    64  ov2640.o(.text)
    OV2640_Brightness                        0x080085ad   Thumb Code    56  ov2640.o(.text)
    OV2640_Contrast                          0x080085e5   Thumb Code   116  ov2640.o(.text)
    OV2640_Special_Effects                   0x08008659   Thumb Code   122  ov2640.o(.text)
    OV2640_Color_Bar                         0x080086d3   Thumb Code    40  ov2640.o(.text)
    OV2640_Window_Set                        0x080086fb   Thumb Code   214  ov2640.o(.text)
    OV2640_OutSize_Set                       0x080087d1   Thumb Code   136  ov2640.o(.text)
    OV2640_ImageWin_Set                      0x08008859   Thumb Code   188  ov2640.o(.text)
    OV2640_ImageSize_Set                     0x08008915   Thumb Code    80  ov2640.o(.text)
    SCCB_Init                                0x08008965   Thumb Code    78  sccb.o(.text)
    SCCB_Start                               0x080089b3   Thumb Code    42  sccb.o(.text)
    SCCB_Stop                                0x080089dd   Thumb Code    42  sccb.o(.text)
    SCCB_No_Ack                              0x08008a07   Thumb Code    56  sccb.o(.text)
    SCCB_WR_Byte                             0x08008a3f   Thumb Code   154  sccb.o(.text)
    SCCB_RD_Byte                             0x08008ad9   Thumb Code   104  sccb.o(.text)
    SCCB_WR_Reg                              0x08008b41   Thumb Code    62  sccb.o(.text)
    SCCB_RD_Reg                              0x08008b7f   Thumb Code    78  sccb.o(.text)
    TIM3_Int_Init                            0x08008bd9   Thumb Code    88  timer.o(.text)
    TIM3_IRQHandler                          0x08008c31   Thumb Code    40  timer.o(.text)
    delay_init                               0x08008c6d   Thumb Code    52  delay.o(.text)
    delay_us                                 0x08008ca1   Thumb Code    72  delay.o(.text)
    delay_xms                                0x08008ce9   Thumb Code    72  delay.o(.text)
    delay_ms                                 0x08008d31   Thumb Code    56  delay.o(.text)
    _sys_exit                                0x08008d71   Thumb Code     4  usart.o(.text)
    fputc                                    0x08008d75   Thumb Code    22  usart.o(.text)
    uart_init                                0x08008d8b   Thumb Code   164  usart.o(.text)
    USART1_IRQHandler                        0x08008e2f   Thumb Code   122  usart.o(.text)
    Reset_Handler                            0x08008eb9   Thumb Code     8  startup_stm32f40_41xxx.o(.text)
    ADC_IRQHandler                           0x08008ed3   Thumb Code     0  startup_stm32f40_41xxx.o(.text)
    CAN1_RX0_IRQHandler                      0x08008ed3   Thumb Code     0  startup_stm32f40_41xxx.o(.text)
    CAN1_RX1_IRQHandler                      0x08008ed3   Thumb Code     0  startup_stm32f40_41xxx.o(.text)
    CAN1_SCE_IRQHandler                      0x08008ed3   Thumb Code     0  startup_stm32f40_41xxx.o(.text)
    CAN1_TX_IRQHandler                       0x08008ed3   Thumb Code     0  startup_stm32f40_41xxx.o(.text)
    CAN2_RX0_IRQHandler                      0x08008ed3   Thumb Code     0  startup_stm32f40_41xxx.o(.text)
    CAN2_RX1_IRQHandler                      0x08008ed3   Thumb Code     0  startup_stm32f40_41xxx.o(.text)
    CAN2_SCE_IRQHandler                      0x08008ed3   Thumb Code     0  startup_stm32f40_41xxx.o(.text)
    CAN2_TX_IRQHandler                       0x08008ed3   Thumb Code     0  startup_stm32f40_41xxx.o(.text)
    CRYP_IRQHandler                          0x08008ed3   Thumb Code     0  startup_stm32f40_41xxx.o(.text)
    DMA1_Stream0_IRQHandler                  0x08008ed3   Thumb Code     0  startup_stm32f40_41xxx.o(.text)
    DMA1_Stream1_IRQHandler                  0x08008ed3   Thumb Code     0  startup_stm32f40_41xxx.o(.text)
    DMA1_Stream2_IRQHandler                  0x08008ed3   Thumb Code     0  startup_stm32f40_41xxx.o(.text)
    DMA1_Stream3_IRQHandler                  0x08008ed3   Thumb Code     0  startup_stm32f40_41xxx.o(.text)
    DMA1_Stream4_IRQHandler                  0x08008ed3   Thumb Code     0  startup_stm32f40_41xxx.o(.text)
    DMA1_Stream5_IRQHandler                  0x08008ed3   Thumb Code     0  startup_stm32f40_41xxx.o(.text)
    DMA1_Stream6_IRQHandler                  0x08008ed3   Thumb Code     0  startup_stm32f40_41xxx.o(.text)
    DMA1_Stream7_IRQHandler                  0x08008ed3   Thumb Code     0  startup_stm32f40_41xxx.o(.text)
    DMA2_Stream0_IRQHandler                  0x08008ed3   Thumb Code     0  startup_stm32f40_41xxx.o(.text)
    DMA2_Stream2_IRQHandler                  0x08008ed3   Thumb Code     0  startup_stm32f40_41xxx.o(.text)
    DMA2_Stream3_IRQHandler                  0x08008ed3   Thumb Code     0  startup_stm32f40_41xxx.o(.text)
    DMA2_Stream4_IRQHandler                  0x08008ed3   Thumb Code     0  startup_stm32f40_41xxx.o(.text)
    DMA2_Stream5_IRQHandler                  0x08008ed3   Thumb Code     0  startup_stm32f40_41xxx.o(.text)
    DMA2_Stream6_IRQHandler                  0x08008ed3   Thumb Code     0  startup_stm32f40_41xxx.o(.text)
    DMA2_Stream7_IRQHandler                  0x08008ed3   Thumb Code     0  startup_stm32f40_41xxx.o(.text)
    ETH_IRQHandler                           0x08008ed3   Thumb Code     0  startup_stm32f40_41xxx.o(.text)
    ETH_WKUP_IRQHandler                      0x08008ed3   Thumb Code     0  startup_stm32f40_41xxx.o(.text)
    EXTI0_IRQHandler                         0x08008ed3   Thumb Code     0  startup_stm32f40_41xxx.o(.text)
    EXTI15_10_IRQHandler                     0x08008ed3   Thumb Code     0  startup_stm32f40_41xxx.o(.text)
    EXTI1_IRQHandler                         0x08008ed3   Thumb Code     0  startup_stm32f40_41xxx.o(.text)
    EXTI2_IRQHandler                         0x08008ed3   Thumb Code     0  startup_stm32f40_41xxx.o(.text)
    EXTI3_IRQHandler                         0x08008ed3   Thumb Code     0  startup_stm32f40_41xxx.o(.text)
    EXTI4_IRQHandler                         0x08008ed3   Thumb Code     0  startup_stm32f40_41xxx.o(.text)
    EXTI9_5_IRQHandler                       0x08008ed3   Thumb Code     0  startup_stm32f40_41xxx.o(.text)
    FLASH_IRQHandler                         0x08008ed3   Thumb Code     0  startup_stm32f40_41xxx.o(.text)
    FPU_IRQHandler                           0x08008ed3   Thumb Code     0  startup_stm32f40_41xxx.o(.text)
    FSMC_IRQHandler                          0x08008ed3   Thumb Code     0  startup_stm32f40_41xxx.o(.text)
    HASH_RNG_IRQHandler                      0x08008ed3   Thumb Code     0  startup_stm32f40_41xxx.o(.text)
    I2C1_ER_IRQHandler                       0x08008ed3   Thumb Code     0  startup_stm32f40_41xxx.o(.text)
    I2C1_EV_IRQHandler                       0x08008ed3   Thumb Code     0  startup_stm32f40_41xxx.o(.text)
    I2C2_ER_IRQHandler                       0x08008ed3   Thumb Code     0  startup_stm32f40_41xxx.o(.text)
    I2C2_EV_IRQHandler                       0x08008ed3   Thumb Code     0  startup_stm32f40_41xxx.o(.text)
    I2C3_ER_IRQHandler                       0x08008ed3   Thumb Code     0  startup_stm32f40_41xxx.o(.text)
    I2C3_EV_IRQHandler                       0x08008ed3   Thumb Code     0  startup_stm32f40_41xxx.o(.text)
    OTG_FS_IRQHandler                        0x08008ed3   Thumb Code     0  startup_stm32f40_41xxx.o(.text)
    OTG_FS_WKUP_IRQHandler                   0x08008ed3   Thumb Code     0  startup_stm32f40_41xxx.o(.text)
    OTG_HS_EP1_IN_IRQHandler                 0x08008ed3   Thumb Code     0  startup_stm32f40_41xxx.o(.text)
    OTG_HS_EP1_OUT_IRQHandler                0x08008ed3   Thumb Code     0  startup_stm32f40_41xxx.o(.text)
    OTG_HS_IRQHandler                        0x08008ed3   Thumb Code     0  startup_stm32f40_41xxx.o(.text)
    OTG_HS_WKUP_IRQHandler                   0x08008ed3   Thumb Code     0  startup_stm32f40_41xxx.o(.text)
    PVD_IRQHandler                           0x08008ed3   Thumb Code     0  startup_stm32f40_41xxx.o(.text)
    RCC_IRQHandler                           0x08008ed3   Thumb Code     0  startup_stm32f40_41xxx.o(.text)
    RTC_Alarm_IRQHandler                     0x08008ed3   Thumb Code     0  startup_stm32f40_41xxx.o(.text)
    RTC_WKUP_IRQHandler                      0x08008ed3   Thumb Code     0  startup_stm32f40_41xxx.o(.text)
    SPI1_IRQHandler                          0x08008ed3   Thumb Code     0  startup_stm32f40_41xxx.o(.text)
    SPI2_IRQHandler                          0x08008ed3   Thumb Code     0  startup_stm32f40_41xxx.o(.text)
    SPI3_IRQHandler                          0x08008ed3   Thumb Code     0  startup_stm32f40_41xxx.o(.text)
    TAMP_STAMP_IRQHandler                    0x08008ed3   Thumb Code     0  startup_stm32f40_41xxx.o(.text)
    TIM1_BRK_TIM9_IRQHandler                 0x08008ed3   Thumb Code     0  startup_stm32f40_41xxx.o(.text)
    TIM1_CC_IRQHandler                       0x08008ed3   Thumb Code     0  startup_stm32f40_41xxx.o(.text)
    TIM1_TRG_COM_TIM11_IRQHandler            0x08008ed3   Thumb Code     0  startup_stm32f40_41xxx.o(.text)
    TIM1_UP_TIM10_IRQHandler                 0x08008ed3   Thumb Code     0  startup_stm32f40_41xxx.o(.text)
    TIM2_IRQHandler                          0x08008ed3   Thumb Code     0  startup_stm32f40_41xxx.o(.text)
    TIM5_IRQHandler                          0x08008ed3   Thumb Code     0  startup_stm32f40_41xxx.o(.text)
    TIM6_DAC_IRQHandler                      0x08008ed3   Thumb Code     0  startup_stm32f40_41xxx.o(.text)
    TIM7_IRQHandler                          0x08008ed3   Thumb Code     0  startup_stm32f40_41xxx.o(.text)
    TIM8_BRK_TIM12_IRQHandler                0x08008ed3   Thumb Code     0  startup_stm32f40_41xxx.o(.text)
    TIM8_CC_IRQHandler                       0x08008ed3   Thumb Code     0  startup_stm32f40_41xxx.o(.text)
    TIM8_TRG_COM_TIM14_IRQHandler            0x08008ed3   Thumb Code     0  startup_stm32f40_41xxx.o(.text)
    TIM8_UP_TIM13_IRQHandler                 0x08008ed3   Thumb Code     0  startup_stm32f40_41xxx.o(.text)
    UART4_IRQHandler                         0x08008ed3   Thumb Code     0  startup_stm32f40_41xxx.o(.text)
    UART5_IRQHandler                         0x08008ed3   Thumb Code     0  startup_stm32f40_41xxx.o(.text)
    USART2_IRQHandler                        0x08008ed3   Thumb Code     0  startup_stm32f40_41xxx.o(.text)
    USART3_IRQHandler                        0x08008ed3   Thumb Code     0  startup_stm32f40_41xxx.o(.text)
    USART6_IRQHandler                        0x08008ed3   Thumb Code     0  startup_stm32f40_41xxx.o(.text)
    WWDG_IRQHandler                          0x08008ed3   Thumb Code     0  startup_stm32f40_41xxx.o(.text)
    __user_initial_stackheap                 0x08008ed5   Thumb Code     0  startup_stm32f40_41xxx.o(.text)
    NVIC_PriorityGroupConfig                 0x08008ef9   Thumb Code    10  misc.o(.text)
    NVIC_Init                                0x08008f03   Thumb Code   106  misc.o(.text)
    NVIC_SetVectorTable                      0x08008f6d   Thumb Code    14  misc.o(.text)
    NVIC_SystemLPConfig                      0x08008f7b   Thumb Code    34  misc.o(.text)
    SysTick_CLKSourceConfig                  0x08008f9d   Thumb Code    40  misc.o(.text)
    FSMC_NORSRAMDeInit                       0x08008fd9   Thumb Code    54  stm32f4xx_fsmc.o(.text)
    FSMC_NORSRAMInit                         0x0800900f   Thumb Code   230  stm32f4xx_fsmc.o(.text)
    FSMC_NORSRAMStructInit                   0x080090f5   Thumb Code    48  stm32f4xx_fsmc.o(.text)
    FSMC_NORSRAMCmd                          0x08009125   Thumb Code    46  stm32f4xx_fsmc.o(.text)
    FSMC_NANDDeInit                          0x08009153   Thumb Code    62  stm32f4xx_fsmc.o(.text)
    FSMC_NANDInit                            0x08009191   Thumb Code   132  stm32f4xx_fsmc.o(.text)
    FSMC_NANDStructInit                      0x08009215   Thumb Code    54  stm32f4xx_fsmc.o(.text)
    FSMC_NANDCmd                             0x0800924b   Thumb Code    86  stm32f4xx_fsmc.o(.text)
    FSMC_NANDECCCmd                          0x080092a1   Thumb Code    86  stm32f4xx_fsmc.o(.text)
    FSMC_GetECC                              0x080092f7   Thumb Code    24  stm32f4xx_fsmc.o(.text)
    FSMC_PCCARDDeInit                        0x0800930f   Thumb Code    36  stm32f4xx_fsmc.o(.text)
    FSMC_PCCARDInit                          0x08009333   Thumb Code   130  stm32f4xx_fsmc.o(.text)
    FSMC_PCCARDStructInit                    0x080093b5   Thumb Code    60  stm32f4xx_fsmc.o(.text)
    FSMC_PCCARDCmd                           0x080093f1   Thumb Code    44  stm32f4xx_fsmc.o(.text)
    FSMC_ITConfig                            0x0800941d   Thumb Code   128  stm32f4xx_fsmc.o(.text)
    FSMC_GetFlagStatus                       0x0800949d   Thumb Code    54  stm32f4xx_fsmc.o(.text)
    FSMC_ClearFlag                           0x080094d3   Thumb Code    74  stm32f4xx_fsmc.o(.text)
    FSMC_GetITStatus                         0x0800951d   Thumb Code    62  stm32f4xx_fsmc.o(.text)
    FSMC_ClearITPendingBit                   0x0800955b   Thumb Code    66  stm32f4xx_fsmc.o(.text)
    GPIO_DeInit                              0x080095a1   Thumb Code   268  stm32f4xx_gpio.o(.text)
    GPIO_Init                                0x080096ad   Thumb Code   144  stm32f4xx_gpio.o(.text)
    GPIO_StructInit                          0x0800973d   Thumb Code    18  stm32f4xx_gpio.o(.text)
    GPIO_PinLockConfig                       0x0800974f   Thumb Code    34  stm32f4xx_gpio.o(.text)
    GPIO_ReadInputDataBit                    0x08009771   Thumb Code    18  stm32f4xx_gpio.o(.text)
    GPIO_ReadInputData                       0x08009783   Thumb Code     8  stm32f4xx_gpio.o(.text)
    GPIO_ReadOutputDataBit                   0x0800978b   Thumb Code    18  stm32f4xx_gpio.o(.text)
    GPIO_ReadOutputData                      0x0800979d   Thumb Code     8  stm32f4xx_gpio.o(.text)
    GPIO_SetBits                             0x080097a5   Thumb Code     4  stm32f4xx_gpio.o(.text)
    GPIO_ResetBits                           0x080097a9   Thumb Code     4  stm32f4xx_gpio.o(.text)
    GPIO_WriteBit                            0x080097ad   Thumb Code    10  stm32f4xx_gpio.o(.text)
    GPIO_Write                               0x080097b7   Thumb Code     4  stm32f4xx_gpio.o(.text)
    GPIO_ToggleBits                          0x080097bb   Thumb Code     8  stm32f4xx_gpio.o(.text)
    GPIO_PinAFConfig                         0x080097c3   Thumb Code    70  stm32f4xx_gpio.o(.text)
    RCC_DeInit                               0x08009835   Thumb Code    82  stm32f4xx_rcc.o(.text)
    RCC_HSEConfig                            0x08009887   Thumb Code    14  stm32f4xx_rcc.o(.text)
    RCC_GetFlagStatus                        0x08009895   Thumb Code    60  stm32f4xx_rcc.o(.text)
    RCC_WaitForHSEStartUp                    0x080098d1   Thumb Code    56  stm32f4xx_rcc.o(.text)
    RCC_AdjustHSICalibrationValue            0x08009909   Thumb Code    20  stm32f4xx_rcc.o(.text)
    RCC_HSICmd                               0x0800991d   Thumb Code     6  stm32f4xx_rcc.o(.text)
    RCC_LSEConfig                            0x08009923   Thumb Code    46  stm32f4xx_rcc.o(.text)
    RCC_LSICmd                               0x08009951   Thumb Code     6  stm32f4xx_rcc.o(.text)
    RCC_PLLConfig                            0x08009957   Thumb Code    32  stm32f4xx_rcc.o(.text)
    RCC_PLLCmd                               0x08009977   Thumb Code     6  stm32f4xx_rcc.o(.text)
    RCC_PLLI2SConfig                         0x0800997d   Thumb Code    14  stm32f4xx_rcc.o(.text)
    RCC_PLLI2SCmd                            0x0800998b   Thumb Code     6  stm32f4xx_rcc.o(.text)
    RCC_PLLSAIConfig                         0x08009991   Thumb Code    20  stm32f4xx_rcc.o(.text)
    RCC_PLLSAICmd                            0x080099a5   Thumb Code     6  stm32f4xx_rcc.o(.text)
    RCC_ClockSecuritySystemCmd               0x080099ab   Thumb Code     6  stm32f4xx_rcc.o(.text)
    RCC_MCO1Config                           0x080099b1   Thumb Code    28  stm32f4xx_rcc.o(.text)
    RCC_MCO2Config                           0x080099cd   Thumb Code    28  stm32f4xx_rcc.o(.text)
    RCC_SYSCLKConfig                         0x080099e9   Thumb Code    20  stm32f4xx_rcc.o(.text)
    RCC_GetSYSCLKSource                      0x080099fd   Thumb Code    12  stm32f4xx_rcc.o(.text)
    RCC_HCLKConfig                           0x08009a09   Thumb Code    20  stm32f4xx_rcc.o(.text)
    RCC_PCLK1Config                          0x08009a1d   Thumb Code    20  stm32f4xx_rcc.o(.text)
    RCC_PCLK2Config                          0x08009a31   Thumb Code    22  stm32f4xx_rcc.o(.text)
    RCC_GetClocksFreq                        0x08009a47   Thumb Code   222  stm32f4xx_rcc.o(.text)
    RCC_RTCCLKConfig                         0x08009b25   Thumb Code    54  stm32f4xx_rcc.o(.text)
    RCC_RTCCLKCmd                            0x08009b5b   Thumb Code     8  stm32f4xx_rcc.o(.text)
    RCC_BackupResetCmd                       0x08009b63   Thumb Code     8  stm32f4xx_rcc.o(.text)
    RCC_I2SCLKConfig                         0x08009b6b   Thumb Code     6  stm32f4xx_rcc.o(.text)
    RCC_SAIPLLI2SClkDivConfig                0x08009b71   Thumb Code    26  stm32f4xx_rcc.o(.text)
    RCC_SAIPLLSAIClkDivConfig                0x08009b8b   Thumb Code    28  stm32f4xx_rcc.o(.text)
    RCC_SAIBlockACLKConfig                   0x08009ba7   Thumb Code    20  stm32f4xx_rcc.o(.text)
    RCC_SAIBlockBCLKConfig                   0x08009bbb   Thumb Code    20  stm32f4xx_rcc.o(.text)
    RCC_LTDCCLKDivConfig                     0x08009bcf   Thumb Code    20  stm32f4xx_rcc.o(.text)
    RCC_TIMCLKPresConfig                     0x08009be3   Thumb Code     6  stm32f4xx_rcc.o(.text)
    RCC_AHB1PeriphClockCmd                   0x08009be9   Thumb Code    34  stm32f4xx_rcc.o(.text)
    RCC_AHB2PeriphClockCmd                   0x08009c0b   Thumb Code    78  stm32f4xx_rcc.o(.text)
    RCC_AHB3PeriphClockCmd                   0x08009c59   Thumb Code    34  stm32f4xx_rcc.o(.text)
    RCC_APB1PeriphClockCmd                   0x08009c7b   Thumb Code    34  stm32f4xx_rcc.o(.text)
    RCC_APB2PeriphClockCmd                   0x08009c9d   Thumb Code    34  stm32f4xx_rcc.o(.text)
    RCC_AHB1PeriphResetCmd                   0x08009cbf   Thumb Code    34  stm32f4xx_rcc.o(.text)
    RCC_AHB2PeriphResetCmd                   0x08009ce1   Thumb Code    34  stm32f4xx_rcc.o(.text)
    RCC_AHB3PeriphResetCmd                   0x08009d03   Thumb Code    34  stm32f4xx_rcc.o(.text)
    RCC_APB1PeriphResetCmd                   0x08009d25   Thumb Code    34  stm32f4xx_rcc.o(.text)
    RCC_APB2PeriphResetCmd                   0x08009d47   Thumb Code    34  stm32f4xx_rcc.o(.text)
    RCC_AHB1PeriphClockLPModeCmd             0x08009d69   Thumb Code    34  stm32f4xx_rcc.o(.text)
    RCC_AHB2PeriphClockLPModeCmd             0x08009d8b   Thumb Code    34  stm32f4xx_rcc.o(.text)
    RCC_AHB3PeriphClockLPModeCmd             0x08009dad   Thumb Code    34  stm32f4xx_rcc.o(.text)
    RCC_APB1PeriphClockLPModeCmd             0x08009dcf   Thumb Code    34  stm32f4xx_rcc.o(.text)
    RCC_APB2PeriphClockLPModeCmd             0x08009df1   Thumb Code    34  stm32f4xx_rcc.o(.text)
    RCC_LSEModeConfig                        0x08009e13   Thumb Code    40  stm32f4xx_rcc.o(.text)
    RCC_ITConfig                             0x08009e3b   Thumb Code    34  stm32f4xx_rcc.o(.text)
    RCC_ClearFlag                            0x08009e5d   Thumb Code    18  stm32f4xx_rcc.o(.text)
    RCC_GetITStatus                          0x08009e6f   Thumb Code    22  stm32f4xx_rcc.o(.text)
    RCC_ClearITPendingBit                    0x08009e85   Thumb Code     8  stm32f4xx_rcc.o(.text)
    SDIO_DeInit                              0x08009e91   Thumb Code    22  stm32f4xx_sdio.o(.text)
    SDIO_Init                                0x08009ea7   Thumb Code    42  stm32f4xx_sdio.o(.text)
    SDIO_StructInit                          0x08009ed1   Thumb Code    16  stm32f4xx_sdio.o(.text)
    SDIO_ClockCmd                            0x08009ee1   Thumb Code     6  stm32f4xx_sdio.o(.text)
    SDIO_SetPowerState                       0x08009ee7   Thumb Code     8  stm32f4xx_sdio.o(.text)
    SDIO_GetPowerState                       0x08009eef   Thumb Code    12  stm32f4xx_sdio.o(.text)
    SDIO_SendCommand                         0x08009efb   Thumb Code    42  stm32f4xx_sdio.o(.text)
    SDIO_CmdStructInit                       0x08009f25   Thumb Code    14  stm32f4xx_sdio.o(.text)
    SDIO_GetCommandResponse                  0x08009f33   Thumb Code    10  stm32f4xx_sdio.o(.text)
    SDIO_GetResponse                         0x08009f3d   Thumb Code    22  stm32f4xx_sdio.o(.text)
    SDIO_DataConfig                          0x08009f53   Thumb Code    48  stm32f4xx_sdio.o(.text)
    SDIO_DataStructInit                      0x08009f83   Thumb Code    20  stm32f4xx_sdio.o(.text)
    SDIO_GetDataCounter                      0x08009f97   Thumb Code     8  stm32f4xx_sdio.o(.text)
    SDIO_ReadData                            0x08009f9f   Thumb Code     8  stm32f4xx_sdio.o(.text)
    SDIO_WriteData                           0x08009fa7   Thumb Code     8  stm32f4xx_sdio.o(.text)
    SDIO_GetFIFOCount                        0x08009faf   Thumb Code     8  stm32f4xx_sdio.o(.text)
    SDIO_StartSDIOReadWait                   0x08009fb7   Thumb Code     6  stm32f4xx_sdio.o(.text)
    SDIO_StopSDIOReadWait                    0x08009fbd   Thumb Code     8  stm32f4xx_sdio.o(.text)
    SDIO_SetSDIOReadWaitMode                 0x08009fc5   Thumb Code     8  stm32f4xx_sdio.o(.text)
    SDIO_SetSDIOOperation                    0x08009fcd   Thumb Code     8  stm32f4xx_sdio.o(.text)
    SDIO_SendSDIOSuspendCmd                  0x08009fd5   Thumb Code     6  stm32f4xx_sdio.o(.text)
    SDIO_CommandCompletionCmd                0x08009fdb   Thumb Code     8  stm32f4xx_sdio.o(.text)
    SDIO_CEATAITCmd                          0x08009fe3   Thumb Code    12  stm32f4xx_sdio.o(.text)
    SDIO_SendCEATACmd                        0x08009fef   Thumb Code     8  stm32f4xx_sdio.o(.text)
    SDIO_DMACmd                              0x08009ff7   Thumb Code     8  stm32f4xx_sdio.o(.text)
    SDIO_ITConfig                            0x08009fff   Thumb Code    34  stm32f4xx_sdio.o(.text)
    SDIO_GetFlagStatus                       0x0800a021   Thumb Code    22  stm32f4xx_sdio.o(.text)
    SDIO_ClearFlag                           0x0800a037   Thumb Code     8  stm32f4xx_sdio.o(.text)
    SDIO_GetITStatus                         0x0800a03f   Thumb Code    22  stm32f4xx_sdio.o(.text)
    SDIO_ClearITPendingBit                   0x0800a055   Thumb Code     8  stm32f4xx_sdio.o(.text)
    SPI_I2S_DeInit                           0x0800a06d   Thumb Code   152  stm32f4xx_spi.o(.text)
    SPI_Init                                 0x0800a105   Thumb Code    60  stm32f4xx_spi.o(.text)
    I2S_Init                                 0x0800a141   Thumb Code   396  stm32f4xx_spi.o(.text)
    SPI_StructInit                           0x0800a2cd   Thumb Code    24  stm32f4xx_spi.o(.text)
    I2S_StructInit                           0x0800a2e5   Thumb Code    20  stm32f4xx_spi.o(.text)
    SPI_Cmd                                  0x0800a2f9   Thumb Code    24  stm32f4xx_spi.o(.text)
    I2S_Cmd                                  0x0800a311   Thumb Code    24  stm32f4xx_spi.o(.text)
    SPI_DataSizeConfig                       0x0800a329   Thumb Code    18  stm32f4xx_spi.o(.text)
    SPI_BiDirectionalLineConfig              0x0800a33b   Thumb Code    28  stm32f4xx_spi.o(.text)
    SPI_NSSInternalSoftwareConfig            0x0800a357   Thumb Code    30  stm32f4xx_spi.o(.text)
    SPI_SSOutputCmd                          0x0800a375   Thumb Code    24  stm32f4xx_spi.o(.text)
    SPI_TIModeCmd                            0x0800a38d   Thumb Code    24  stm32f4xx_spi.o(.text)
    I2S_FullDuplexConfig                     0x0800a3a5   Thumb Code    80  stm32f4xx_spi.o(.text)
    SPI_I2S_ReceiveData                      0x0800a3f5   Thumb Code     6  stm32f4xx_spi.o(.text)
    SPI_I2S_SendData                         0x0800a3fb   Thumb Code     4  stm32f4xx_spi.o(.text)
    SPI_CalculateCRC                         0x0800a3ff   Thumb Code    24  stm32f4xx_spi.o(.text)
    SPI_TransmitCRC                          0x0800a417   Thumb Code    10  stm32f4xx_spi.o(.text)
    SPI_GetCRC                               0x0800a421   Thumb Code    16  stm32f4xx_spi.o(.text)
    SPI_GetCRCPolynomial                     0x0800a431   Thumb Code     6  stm32f4xx_spi.o(.text)
    SPI_I2S_DMACmd                           0x0800a437   Thumb Code    18  stm32f4xx_spi.o(.text)
    SPI_I2S_ITConfig                         0x0800a449   Thumb Code    68  stm32f4xx_spi.o(.text)
    SPI_I2S_GetFlagStatus                    0x0800a48d   Thumb Code    18  stm32f4xx_spi.o(.text)
    SPI_I2S_ClearFlag                        0x0800a49f   Thumb Code     6  stm32f4xx_spi.o(.text)
    SPI_I2S_GetITStatus                      0x0800a4a5   Thumb Code    52  stm32f4xx_spi.o(.text)
    SPI_I2S_ClearITPendingBit                0x0800a4d9   Thumb Code    20  stm32f4xx_spi.o(.text)
    TIM_DeInit                               0x0800a4ed   Thumb Code   346  stm32f4xx_tim.o(.text)
    TIM_TimeBaseInit                         0x0800a647   Thumb Code   104  stm32f4xx_tim.o(.text)
    TIM_TimeBaseStructInit                   0x0800a6af   Thumb Code    18  stm32f4xx_tim.o(.text)
    TIM_PrescalerConfig                      0x0800a6c1   Thumb Code     6  stm32f4xx_tim.o(.text)
    TIM_CounterModeConfig                    0x0800a6c7   Thumb Code    18  stm32f4xx_tim.o(.text)
    TIM_SetCounter                           0x0800a6d9   Thumb Code     4  stm32f4xx_tim.o(.text)
    TIM_SetAutoreload                        0x0800a6dd   Thumb Code     4  stm32f4xx_tim.o(.text)
    TIM_GetCounter                           0x0800a6e1   Thumb Code     6  stm32f4xx_tim.o(.text)
    TIM_GetPrescaler                         0x0800a6e7   Thumb Code     6  stm32f4xx_tim.o(.text)
    TIM_UpdateDisableConfig                  0x0800a6ed   Thumb Code    24  stm32f4xx_tim.o(.text)
    TIM_UpdateRequestConfig                  0x0800a705   Thumb Code    24  stm32f4xx_tim.o(.text)
    TIM_ARRPreloadConfig                     0x0800a71d   Thumb Code    24  stm32f4xx_tim.o(.text)
    TIM_SelectOnePulseMode                   0x0800a735   Thumb Code    18  stm32f4xx_tim.o(.text)
    TIM_SetClockDivision                     0x0800a747   Thumb Code    18  stm32f4xx_tim.o(.text)
    TIM_Cmd                                  0x0800a759   Thumb Code    24  stm32f4xx_tim.o(.text)
    TIM_OC1Init                              0x0800a771   Thumb Code   114  stm32f4xx_tim.o(.text)
    TIM_OC2Init                              0x0800a7e3   Thumb Code   154  stm32f4xx_tim.o(.text)
    TIM_OC3Init                              0x0800a87d   Thumb Code   204  stm32f4xx_tim.o(.text)
    TIM_OC4Init                              0x0800a949   Thumb Code   112  stm32f4xx_tim.o(.text)
    TIM_OCStructInit                         0x0800a9b9   Thumb Code    20  stm32f4xx_tim.o(.text)
    TIM_SelectOCxM                           0x0800a9cd   Thumb Code    86  stm32f4xx_tim.o(.text)
    TIM_SetCompare1                          0x0800aa23   Thumb Code     4  stm32f4xx_tim.o(.text)
    TIM_SetCompare2                          0x0800aa27   Thumb Code     4  stm32f4xx_tim.o(.text)
    TIM_SetCompare3                          0x0800aa2b   Thumb Code     4  stm32f4xx_tim.o(.text)
    TIM_SetCompare4                          0x0800aa2f   Thumb Code     4  stm32f4xx_tim.o(.text)
    TIM_ForcedOC1Config                      0x0800aa33   Thumb Code    18  stm32f4xx_tim.o(.text)
    TIM_ForcedOC2Config                      0x0800aa45   Thumb Code    26  stm32f4xx_tim.o(.text)
    TIM_ForcedOC3Config                      0x0800aa5f   Thumb Code    18  stm32f4xx_tim.o(.text)
    TIM_ForcedOC4Config                      0x0800aa71   Thumb Code    26  stm32f4xx_tim.o(.text)
    TIM_OC1PreloadConfig                     0x0800aa8b   Thumb Code    18  stm32f4xx_tim.o(.text)
    TIM_OC2PreloadConfig                     0x0800aa9d   Thumb Code    26  stm32f4xx_tim.o(.text)
    TIM_OC3PreloadConfig                     0x0800aab7   Thumb Code    18  stm32f4xx_tim.o(.text)
    TIM_OC4PreloadConfig                     0x0800aac9   Thumb Code    26  stm32f4xx_tim.o(.text)
    TIM_OC1FastConfig                        0x0800aae3   Thumb Code    18  stm32f4xx_tim.o(.text)
    TIM_OC2FastConfig                        0x0800aaf5   Thumb Code    26  stm32f4xx_tim.o(.text)
    TIM_OC3FastConfig                        0x0800ab0f   Thumb Code    18  stm32f4xx_tim.o(.text)
    TIM_OC4FastConfig                        0x0800ab21   Thumb Code    26  stm32f4xx_tim.o(.text)
    TIM_ClearOC1Ref                          0x0800ab3b   Thumb Code    18  stm32f4xx_tim.o(.text)
    TIM_ClearOC2Ref                          0x0800ab4d   Thumb Code    24  stm32f4xx_tim.o(.text)
    TIM_ClearOC3Ref                          0x0800ab65   Thumb Code    18  stm32f4xx_tim.o(.text)
    TIM_ClearOC4Ref                          0x0800ab77   Thumb Code    24  stm32f4xx_tim.o(.text)
    TIM_OC1PolarityConfig                    0x0800ab8f   Thumb Code    18  stm32f4xx_tim.o(.text)
    TIM_OC1NPolarityConfig                   0x0800aba1   Thumb Code    18  stm32f4xx_tim.o(.text)
    TIM_OC2PolarityConfig                    0x0800abb3   Thumb Code    26  stm32f4xx_tim.o(.text)
    TIM_OC2NPolarityConfig                   0x0800abcd   Thumb Code    26  stm32f4xx_tim.o(.text)
    TIM_OC3PolarityConfig                    0x0800abe7   Thumb Code    26  stm32f4xx_tim.o(.text)
    TIM_OC3NPolarityConfig                   0x0800ac01   Thumb Code    26  stm32f4xx_tim.o(.text)
    TIM_OC4PolarityConfig                    0x0800ac1b   Thumb Code    26  stm32f4xx_tim.o(.text)
    TIM_CCxCmd                               0x0800ac35   Thumb Code    30  stm32f4xx_tim.o(.text)
    TIM_CCxNCmd                              0x0800ac53   Thumb Code    30  stm32f4xx_tim.o(.text)
    TIM_SetIC4Prescaler                      0x0800ac71   Thumb Code    26  stm32f4xx_tim.o(.text)
    TIM_SetIC3Prescaler                      0x0800acdb   Thumb Code    18  stm32f4xx_tim.o(.text)
    TIM_SetIC2Prescaler                      0x0800ad35   Thumb Code    26  stm32f4xx_tim.o(.text)
    TIM_SetIC1Prescaler                      0x0800ada9   Thumb Code    18  stm32f4xx_tim.o(.text)
    TIM_ICInit                               0x0800adf5   Thumb Code   110  stm32f4xx_tim.o(.text)
    TIM_ICStructInit                         0x0800ae63   Thumb Code    18  stm32f4xx_tim.o(.text)
    TIM_PWMIConfig                           0x0800ae75   Thumb Code   124  stm32f4xx_tim.o(.text)
    TIM_GetCapture1                          0x0800aef1   Thumb Code     6  stm32f4xx_tim.o(.text)
    TIM_GetCapture2                          0x0800aef7   Thumb Code     6  stm32f4xx_tim.o(.text)
    TIM_GetCapture3                          0x0800aefd   Thumb Code     6  stm32f4xx_tim.o(.text)
    TIM_GetCapture4                          0x0800af03   Thumb Code     6  stm32f4xx_tim.o(.text)
    TIM_BDTRConfig                           0x0800af09   Thumb Code    32  stm32f4xx_tim.o(.text)
    TIM_BDTRStructInit                       0x0800af29   Thumb Code    18  stm32f4xx_tim.o(.text)
    TIM_CtrlPWMOutputs                       0x0800af3b   Thumb Code    30  stm32f4xx_tim.o(.text)
    TIM_SelectCOM                            0x0800af59   Thumb Code    24  stm32f4xx_tim.o(.text)
    TIM_CCPreloadControl                     0x0800af71   Thumb Code    24  stm32f4xx_tim.o(.text)
    TIM_ITConfig                             0x0800af89   Thumb Code    18  stm32f4xx_tim.o(.text)
    TIM_GenerateEvent                        0x0800af9b   Thumb Code     4  stm32f4xx_tim.o(.text)
    TIM_GetFlagStatus                        0x0800af9f   Thumb Code    18  stm32f4xx_tim.o(.text)
    TIM_ClearFlag                            0x0800afb1   Thumb Code     6  stm32f4xx_tim.o(.text)
    TIM_GetITStatus                          0x0800afb7   Thumb Code    34  stm32f4xx_tim.o(.text)
    TIM_ClearITPendingBit                    0x0800afd9   Thumb Code     6  stm32f4xx_tim.o(.text)
    TIM_DMAConfig                            0x0800afdf   Thumb Code    10  stm32f4xx_tim.o(.text)
    TIM_DMACmd                               0x0800afe9   Thumb Code    18  stm32f4xx_tim.o(.text)
    TIM_SelectCCDMA                          0x0800affb   Thumb Code    24  stm32f4xx_tim.o(.text)
    TIM_InternalClockConfig                  0x0800b013   Thumb Code    12  stm32f4xx_tim.o(.text)
    TIM_SelectInputTrigger                   0x0800b01f   Thumb Code    18  stm32f4xx_tim.o(.text)
    TIM_ITRxExternalClockConfig              0x0800b031   Thumb Code    24  stm32f4xx_tim.o(.text)
    TIM_TIxExternalClockConfig               0x0800b049   Thumb Code    62  stm32f4xx_tim.o(.text)
    TIM_ETRConfig                            0x0800b087   Thumb Code    28  stm32f4xx_tim.o(.text)
    TIM_ETRClockMode1Config                  0x0800b0a3   Thumb Code    54  stm32f4xx_tim.o(.text)
    TIM_ETRClockMode2Config                  0x0800b0d9   Thumb Code    32  stm32f4xx_tim.o(.text)
    TIM_SelectOutputTrigger                  0x0800b0f9   Thumb Code    18  stm32f4xx_tim.o(.text)
    TIM_SelectSlaveMode                      0x0800b10b   Thumb Code    18  stm32f4xx_tim.o(.text)
    TIM_SelectMasterSlaveMode                0x0800b11d   Thumb Code    18  stm32f4xx_tim.o(.text)
    TIM_EncoderInterfaceConfig               0x0800b12f   Thumb Code    66  stm32f4xx_tim.o(.text)
    TIM_SelectHallSensor                     0x0800b171   Thumb Code    24  stm32f4xx_tim.o(.text)
    TIM_RemapConfig                          0x0800b189   Thumb Code     6  stm32f4xx_tim.o(.text)
    USART_DeInit                             0x0800b191   Thumb Code   206  stm32f4xx_usart.o(.text)
    USART_Init                               0x0800b25f   Thumb Code   204  stm32f4xx_usart.o(.text)
    USART_StructInit                         0x0800b32b   Thumb Code    24  stm32f4xx_usart.o(.text)
    USART_ClockInit                          0x0800b343   Thumb Code    32  stm32f4xx_usart.o(.text)
    USART_ClockStructInit                    0x0800b363   Thumb Code    12  stm32f4xx_usart.o(.text)
    USART_Cmd                                0x0800b36f   Thumb Code    24  stm32f4xx_usart.o(.text)
    USART_SetPrescaler                       0x0800b387   Thumb Code    16  stm32f4xx_usart.o(.text)
    USART_OverSampling8Cmd                   0x0800b397   Thumb Code    22  stm32f4xx_usart.o(.text)
    USART_OneBitMethodCmd                    0x0800b3ad   Thumb Code    24  stm32f4xx_usart.o(.text)
    USART_SendData                           0x0800b3c5   Thumb Code     8  stm32f4xx_usart.o(.text)
    USART_ReceiveData                        0x0800b3cd   Thumb Code    10  stm32f4xx_usart.o(.text)
    USART_SetAddress                         0x0800b3d7   Thumb Code    18  stm32f4xx_usart.o(.text)
    USART_ReceiverWakeUpCmd                  0x0800b3e9   Thumb Code    24  stm32f4xx_usart.o(.text)
    USART_WakeUpConfig                       0x0800b401   Thumb Code    18  stm32f4xx_usart.o(.text)
    USART_LINBreakDetectLengthConfig         0x0800b413   Thumb Code    18  stm32f4xx_usart.o(.text)
    USART_LINCmd                             0x0800b425   Thumb Code    24  stm32f4xx_usart.o(.text)
    USART_SendBreak                          0x0800b43d   Thumb Code    10  stm32f4xx_usart.o(.text)
    USART_HalfDuplexCmd                      0x0800b447   Thumb Code    24  stm32f4xx_usart.o(.text)
    USART_SetGuardTime                       0x0800b45f   Thumb Code    16  stm32f4xx_usart.o(.text)
    USART_SmartCardCmd                       0x0800b46f   Thumb Code    24  stm32f4xx_usart.o(.text)
    USART_SmartCardNACKCmd                   0x0800b487   Thumb Code    24  stm32f4xx_usart.o(.text)
    USART_IrDAConfig                         0x0800b49f   Thumb Code    18  stm32f4xx_usart.o(.text)
    USART_IrDACmd                            0x0800b4b1   Thumb Code    24  stm32f4xx_usart.o(.text)
    USART_DMACmd                             0x0800b4c9   Thumb Code    18  stm32f4xx_usart.o(.text)
    USART_ITConfig                           0x0800b4db   Thumb Code    74  stm32f4xx_usart.o(.text)
    USART_GetFlagStatus                      0x0800b525   Thumb Code    26  stm32f4xx_usart.o(.text)
    USART_ClearFlag                          0x0800b53f   Thumb Code    18  stm32f4xx_usart.o(.text)
    USART_GetITStatus                        0x0800b551   Thumb Code   118  stm32f4xx_usart.o(.text)
    USART_ClearITPendingBit                  0x0800b5c7   Thumb Code    30  stm32f4xx_usart.o(.text)
    DMA_DeInit                               0x0800b5e5   Thumb Code   324  stm32f4xx_dma.o(.text)
    DMA_Init                                 0x0800b729   Thumb Code    82  stm32f4xx_dma.o(.text)
    DMA_StructInit                           0x0800b77b   Thumb Code    34  stm32f4xx_dma.o(.text)
    DMA_Cmd                                  0x0800b79d   Thumb Code    22  stm32f4xx_dma.o(.text)
    DMA_PeriphIncOffsetSizeConfig            0x0800b7b3   Thumb Code    22  stm32f4xx_dma.o(.text)
    DMA_FlowControllerConfig                 0x0800b7c9   Thumb Code    22  stm32f4xx_dma.o(.text)
    DMA_SetCurrDataCounter                   0x0800b7df   Thumb Code     4  stm32f4xx_dma.o(.text)
    DMA_GetCurrDataCounter                   0x0800b7e3   Thumb Code     8  stm32f4xx_dma.o(.text)
    DMA_DoubleBufferModeConfig               0x0800b7eb   Thumb Code    24  stm32f4xx_dma.o(.text)
    DMA_DoubleBufferModeCmd                  0x0800b803   Thumb Code    22  stm32f4xx_dma.o(.text)
    DMA_MemoryTargetConfig                   0x0800b819   Thumb Code    10  stm32f4xx_dma.o(.text)
    DMA_GetCurrentMemoryTarget               0x0800b823   Thumb Code    20  stm32f4xx_dma.o(.text)
    DMA_GetCmdStatus                         0x0800b837   Thumb Code    20  stm32f4xx_dma.o(.text)
    DMA_GetFIFOStatus                        0x0800b84b   Thumb Code    12  stm32f4xx_dma.o(.text)
    DMA_GetFlagStatus                        0x0800b857   Thumb Code    56  stm32f4xx_dma.o(.text)
    DMA_ClearFlag                            0x0800b88f   Thumb Code    40  stm32f4xx_dma.o(.text)
    DMA_ITConfig                             0x0800b8b7   Thumb Code    58  stm32f4xx_dma.o(.text)
    DMA_GetITStatus                          0x0800b8f1   Thumb Code    84  stm32f4xx_dma.o(.text)
    DMA_ClearITPendingBit                    0x0800b945   Thumb Code    40  stm32f4xx_dma.o(.text)
    DCMI_DeInit                              0x0800b98d   Thumb Code    24  stm32f4xx_dcmi.o(.text)
    DCMI_Init                                0x0800b9a5   Thumb Code    60  stm32f4xx_dcmi.o(.text)
    DCMI_StructInit                          0x0800b9e1   Thumb Code    18  stm32f4xx_dcmi.o(.text)
    DCMI_CROPConfig                          0x0800b9f3   Thumb Code    26  stm32f4xx_dcmi.o(.text)
    DCMI_CROPCmd                             0x0800ba0d   Thumb Code    30  stm32f4xx_dcmi.o(.text)
    DCMI_SetEmbeddedSynchroCodes             0x0800ba2b   Thumb Code    26  stm32f4xx_dcmi.o(.text)
    DCMI_JPEGCmd                             0x0800ba45   Thumb Code    30  stm32f4xx_dcmi.o(.text)
    DCMI_Cmd                                 0x0800ba63   Thumb Code    30  stm32f4xx_dcmi.o(.text)
    DCMI_CaptureCmd                          0x0800ba81   Thumb Code    30  stm32f4xx_dcmi.o(.text)
    DCMI_ReadData                            0x0800ba9f   Thumb Code     6  stm32f4xx_dcmi.o(.text)
    DCMI_ITConfig                            0x0800baa5   Thumb Code    30  stm32f4xx_dcmi.o(.text)
    DCMI_GetFlagStatus                       0x0800bac3   Thumb Code    46  stm32f4xx_dcmi.o(.text)
    DCMI_ClearFlag                           0x0800baf1   Thumb Code     6  stm32f4xx_dcmi.o(.text)
    DCMI_GetITStatus                         0x0800baf7   Thumb Code    24  stm32f4xx_dcmi.o(.text)
    DCMI_ClearITPendingBit                   0x0800bb0f   Thumb Code     6  stm32f4xx_dcmi.o(.text)
    mymemcpy                                 0x0800bb19   Thumb Code    26  malloc.o(.text)
    mymemset                                 0x0800bb33   Thumb Code    20  malloc.o(.text)
    my_mem_init                              0x0800bb47   Thumb Code    54  malloc.o(.text)
    my_mem_perused                           0x0800bb7d   Thumb Code    54  malloc.o(.text)
    my_mem_malloc                            0x0800bbb3   Thumb Code   154  malloc.o(.text)
    my_mem_free                              0x0800bc4d   Thumb Code    94  malloc.o(.text)
    myfree                                   0x0800bcab   Thumb Code    32  malloc.o(.text)
    mymalloc                                 0x0800bccb   Thumb Code    36  malloc.o(.text)
    myrealloc                                0x0800bcef   Thumb Code    68  malloc.o(.text)
    usmart_sys_cmd_exe                       0x0800bd45   Thumb Code  1554  usmart.o(.text)
    usmart_reset_runtime                     0x0800c357   Thumb Code    38  usmart.o(.text)
    usmart_get_runtime                       0x0800c37d   Thumb Code    60  usmart.o(.text)
    TIM4_IRQHandler                          0x0800c3b9   Thumb Code    46  usmart.o(.text)
    Timer4_Init                              0x0800c3e7   Thumb Code    86  usmart.o(.text)
    usmart_init                              0x0800c43d   Thumb Code    36  usmart.o(.text)
    usmart_cmd_rec                           0x0800c461   Thumb Code   170  usmart.o(.text)
    usmart_exe                               0x0800c50b   Thumb Code   868  usmart.o(.text)
    usmart_scan                              0x0800c86f   Thumb Code   120  usmart.o(.text)
    read_addr                                0x0800c8e7   Thumb Code     6  usmart.o(.text)
    write_addr                               0x0800c8ed   Thumb Code     4  usmart.o(.text)
    usmart_strcmp                            0x0800c979   Thumb Code    34  usmart_str.o(.text)
    usmart_strcopy                           0x0800c99b   Thumb Code    22  usmart_str.o(.text)
    usmart_strlen                            0x0800c9b1   Thumb Code    24  usmart_str.o(.text)
    usmart_pow                               0x0800c9c9   Thumb Code    22  usmart_str.o(.text)
    usmart_str2num                           0x0800c9df   Thumb Code   202  usmart_str.o(.text)
    usmart_get_cmdname                       0x0800caa9   Thumb Code    54  usmart_str.o(.text)
    usmart_search_nextc                      0x0800cadf   Thumb Code    22  usmart_str.o(.text)
    usmart_get_fname                         0x0800caf5   Thumb Code   440  usmart_str.o(.text)
    usmart_get_aparm                         0x0800ccad   Thumb Code   200  usmart_str.o(.text)
    usmart_get_parmpos                       0x0800cd75   Thumb Code    26  usmart_str.o(.text)
    usmart_get_fparam                        0x0800cd8f   Thumb Code   262  usmart_str.o(.text)
    disk_initialize                          0x0800cea1   Thumb Code    52  diskio.o(.text)
    disk_status                              0x0800ced5   Thumb Code     6  diskio.o(.text)
    disk_read                                0x0800cedb   Thumb Code   122  diskio.o(.text)
    disk_write                               0x0800cf55   Thumb Code   122  diskio.o(.text)
    disk_ioctl                               0x0800cfcf   Thumb Code   170  diskio.o(.text)
    get_fattime                              0x0800d079   Thumb Code     4  diskio.o(.text)
    ff_memalloc                              0x0800d07d   Thumb Code    14  diskio.o(.text)
    ff_memfree                               0x0800d08b   Thumb Code    14  diskio.o(.text)
    clust2sect                               0x0800d24f   Thumb Code    26  ff.o(.text)
    get_fat                                  0x0800d269   Thumb Code   232  ff.o(.text)
    put_fat                                  0x0800d351   Thumb Code   310  ff.o(.text)
    dir_sdi                                  0x0800d5fb   Thumb Code   158  ff.o(.text)
    f_mount                                  0x0800e66d   Thumb Code    86  ff.o(.text)
    f_open                                   0x0800e6c3   Thumb Code   384  ff.o(.text)
    f_read                                   0x0800e843   Thumb Code   448  ff.o(.text)
    f_write                                  0x0800ea03   Thumb Code   490  ff.o(.text)
    f_sync                                   0x0800ebed   Thumb Code   176  ff.o(.text)
    f_close                                  0x0800ec9d   Thumb Code    36  ff.o(.text)
    f_lseek                                  0x0800ecc1   Thumb Code   654  ff.o(.text)
    f_opendir                                0x0800ef4f   Thumb Code   136  ff.o(.text)
    f_closedir                               0x0800efd7   Thumb Code    22  ff.o(.text)
    f_readdir                                0x0800efed   Thumb Code   114  ff.o(.text)
    f_stat                                   0x0800f05f   Thumb Code    84  ff.o(.text)
    f_getfree                                0x0800f0b3   Thumb Code   258  ff.o(.text)
    f_truncate                               0x0800f1b5   Thumb Code   184  ff.o(.text)
    f_unlink                                 0x0800f26d   Thumb Code   194  ff.o(.text)
    f_mkdir                                  0x0800f32f   Thumb Code   380  ff.o(.text)
    f_chmod                                  0x0800f4ab   Thumb Code   112  ff.o(.text)
    f_utime                                  0x0800f51b   Thumb Code   110  ff.o(.text)
    f_rename                                 0x0800f589   Thumb Code   314  ff.o(.text)
    f_getlabel                               0x0800f6c3   Thumb Code   190  ff.o(.text)
    f_setlabel                               0x0800f781   Thumb Code   470  ff.o(.text)
    f_mkfs                                   0x0800f957   Thumb Code  1570  ff.o(.text)
    f_gets                                   0x0800ff79   Thumb Code    82  ff.o(.text)
    f_putc                                   0x0801000f   Thumb Code    64  ff.o(.text)
    f_puts                                   0x0801004f   Thumb Code    74  ff.o(.text)
    f_printf                                 0x08010099   Thumb Code   674  ff.o(.text)
    exfuns_init                              0x0801033d   Thumb Code   114  exfuns.o(.text)
    char_upper                               0x080103af   Thumb Code    26  exfuns.o(.text)
    f_typetell                               0x080103c9   Thumb Code   172  exfuns.o(.text)
    exf_getfree                              0x08010475   Thumb Code    74  exfuns.o(.text)
    ff_convert                               0x080104d5   Thumb Code   146  mycc936.o(.text)
    ff_wtoupper                              0x08010567   Thumb Code    46  mycc936.o(.text)
    fupd_prog                                0x080105a1   Thumb Code   148  fontupd.o(.text)
    updata_fontx                             0x08010635   Thumb Code   346  fontupd.o(.text)
    update_font                              0x0801078f   Thumb Code   884  fontupd.o(.text)
    font_init                                0x08010b03   Thumb Code    64  fontupd.o(.text)
    Get_HzMat                                0x08010b81   Thumb Code   220  text.o(.text)
    Show_Font                                0x08010c5d   Thumb Code   190  text.o(.text)
    Show_Str                                 0x08010d1b   Thumb Code   192  text.o(.text)
    Show_Str_Mid                             0x08010ddb   Thumb Code   106  text.o(.text)
    stdbmp_decode                            0x08010e55   Thumb Code   712  bmp.o(.text)
    minibmp_decode                           0x0801111d   Thumb Code   932  bmp.o(.text)
    bmp_encode                               0x080114c1   Thumb Code   486  bmp.o(.text)
    gif_check_head                           0x080116b5   Thumb Code    88  gif.o(.text)
    gif_getrgb565                            0x0801170d   Thumb Code    28  gif.o(.text)
    gif_readcolortbl                         0x08011729   Thumb Code    64  gif.o(.text)
    gif_getinfo                              0x08011769   Thumb Code    70  gif.o(.text)
    gif_savegctbl                            0x080117af   Thumb Code    38  gif.o(.text)
    gif_recovergctbl                         0x080117d5   Thumb Code    38  gif.o(.text)
    gif_initlzw                              0x080117fb   Thumb Code   152  gif.o(.text)
    gif_getdatablock                         0x08011893   Thumb Code    96  gif.o(.text)
    gif_readextension                        0x080118f3   Thumb Code   160  gif.o(.text)
    gif_getnextcode                          0x08011993   Thumb Code   452  gif.o(.text)
    gif_getnextbyte                          0x08011b57   Thumb Code   856  gif.o(.text)
    gif_dispimage                            0x08011eaf   Thumb Code   544  gif.o(.text)
    gif_clear2bkcolor                        0x080120cf   Thumb Code   496  gif.o(.text)
    gif_drawimage                            0x080122bf   Thumb Code   352  gif.o(.text)
    gif_quit                                 0x0801241f   Thumb Code     8  gif.o(.text)
    gif_decode                               0x08012427   Thumb Code   296  gif.o(.text)
    piclib_draw_hline                        0x08012555   Thumb Code    52  piclib.o(.text)
    piclib_fill_color                        0x08012589   Thumb Code    44  piclib.o(.text)
    piclib_init                              0x080125b5   Thumb Code    62  piclib.o(.text)
    piclib_alpha_blend                       0x080125f3   Thumb Code    42  piclib.o(.text)
    ai_draw_init                             0x0801261d   Thumb Code   216  piclib.o(.text)
    is_element_ok                            0x080126f5   Thumb Code    36  piclib.o(.text)
    ai_load_picfile                          0x08012719   Thumb Code   194  piclib.o(.text)
    pic_memalloc                             0x080127db   Thumb Code    14  piclib.o(.text)
    pic_memfree                              0x080127e9   Thumb Code    14  piclib.o(.text)
    jd_prepare                               0x080133b9   Thumb Code   924  tjpgd.o(.text)
    jd_decomp                                0x08013755   Thumb Code   162  tjpgd.o(.text)
    jpeg_mallocall                           0x080137f7   Thumb Code    70  tjpgd.o(.text)
    jpeg_freeall                             0x0801383d   Thumb Code    28  tjpgd.o(.text)
    jpeg_in_func                             0x08013859   Thumb Code    48  tjpgd.o(.text)
    jpeg_out_func_fill                       0x08013889   Thumb Code    74  tjpgd.o(.text)
    jpeg_out_func_point                      0x080138d3   Thumb Code   182  tjpgd.o(.text)
    jpg_decode                               0x08013989   Thumb Code   234  tjpgd.o(.text)
    __use_no_semihosting                     0x08013a89   Thumb Code     2  use_no_semi_2.o(.text)
    __aeabi_ldivmod                          0x08013a8b   Thumb Code     0  llsdiv.o(.text)
    _ll_sdiv                                 0x08013a8b   Thumb Code    72  llsdiv.o(.text)
    __2printf                                0x08013ad5   Thumb Code    20  noretval__2printf.o(.text)
    __2sprintf                               0x08013aed   Thumb Code    34  noretval__2sprintf.o(.text)
    _printf_pre_padding                      0x08013b15   Thumb Code    44  _printf_pad.o(.text)
    _printf_post_padding                     0x08013b41   Thumb Code    34  _printf_pad.o(.text)
    _printf_str                              0x08013b63   Thumb Code    82  _printf_str.o(.text)
    _printf_int_dec                          0x08013bb5   Thumb Code   104  _printf_dec.o(.text)
    _printf_int_hex                          0x08013c2d   Thumb Code    84  _printf_hex_int.o(.text)
    _printf_longlong_hex                     0x08013c2d   Thumb Code     0  _printf_hex_int.o(.text)
    __printf                                 0x08013c85   Thumb Code   388  __printf_flags_ss_wp.o(.text)
    strcpy                                   0x08013e0d   Thumb Code    72  strcpy.o(.text)
    strlen                                   0x08013e55   Thumb Code    62  strlen.o(.text)
    strcat                                   0x08013e93   Thumb Code    24  strcat.o(.text)
    __aeabi_memcpy                           0x08013eab   Thumb Code     0  rt_memcpy_v6.o(.text)
    __rt_memcpy                              0x08013eab   Thumb Code   138  rt_memcpy_v6.o(.text)
    _memcpy_lastbytes                        0x08013f11   Thumb Code     0  rt_memcpy_v6.o(.text)
    strcmp                                   0x08013f35   Thumb Code   128  strcmpv7m.o(.text)
    __use_two_region_memory                  0x08013fb5   Thumb Code     2  heapauxi.o(.text)
    __rt_heap_escrow$2region                 0x08013fb7   Thumb Code     2  heapauxi.o(.text)
    __rt_heap_expand$2region                 0x08013fb9   Thumb Code     2  heapauxi.o(.text)
    __I$use$semihosting                      0x08013fbb   Thumb Code     0  use_no_semi.o(.text)
    __use_no_semihosting_swi                 0x08013fbb   Thumb Code     2  use_no_semi.o(.text)
    __aeabi_uldivmod                         0x08013fbd   Thumb Code     0  lludivv7m.o(.text)
    _ll_udiv                                 0x08013fbd   Thumb Code   238  lludivv7m.o(.text)
    _printf_int_common                       0x080140ab   Thumb Code   178  _printf_intcommon.o(.text)
    _printf_char_common                      0x08014167   Thumb Code    32  _printf_char_common.o(.text)
    _sputc                                   0x0801418d   Thumb Code    10  _sputc.o(.text)
    _printf_cs_common                        0x08014197   Thumb Code    20  _printf_char.o(.text)
    _printf_char                             0x080141ab   Thumb Code    16  _printf_char.o(.text)
    _printf_string                           0x080141bb   Thumb Code     8  _printf_char.o(.text)
    _printf_char_file                        0x080141c5   Thumb Code    32  _printf_char_file.o(.text)
    __aeabi_memcpy4                          0x080141e9   Thumb Code     0  rt_memcpy_w.o(.text)
    __aeabi_memcpy8                          0x080141e9   Thumb Code     0  rt_memcpy_w.o(.text)
    __rt_memcpy_w                            0x080141e9   Thumb Code   100  rt_memcpy_w.o(.text)
    _memcpy_lastbytes_aligned                0x08014231   Thumb Code     0  rt_memcpy_w.o(.text)
    ferror                                   0x0801424d   Thumb Code     8  ferror.o(.text)
    __user_setup_stackheap                   0x08014255   Thumb Code    74  sys_stackheap_outer.o(.text)
    exit                                     0x0801429f   Thumb Code    18  exit.o(.text)
    __user_libspace                          0x080142b1   Thumb Code     8  libspace.o(.text)
    __user_perproc_libspace                  0x080142b1   Thumb Code     0  libspace.o(.text)
    __user_perthread_libspace                0x080142b1   Thumb Code     0  libspace.o(.text)
    _is_digit                                0x080142b9   Thumb Code    14  __printf_wp.o(i._is_digit)
    __aeabi_d2uiz                            0x080142c9   Thumb Code     0  dfixu.o(x$fpl$dfixu)
    _dfixu                                   0x080142c9   Thumb Code    90  dfixu.o(x$fpl$dfixu)
    __aeabi_ui2d                             0x08014323   Thumb Code     0  dflt_clz.o(x$fpl$dfltu)
    _dfltu                                   0x08014323   Thumb Code    38  dflt_clz.o(x$fpl$dfltu)
    __aeabi_dmul                             0x08014349   Thumb Code     0  dmul.o(x$fpl$dmul)
    _dmul                                    0x08014349   Thumb Code   332  dmul.o(x$fpl$dmul)
    __fpl_dnaninf                            0x0801449d   Thumb Code   156  dnaninf.o(x$fpl$dnaninf)
    __fpl_dretinf                            0x08014539   Thumb Code    12  dretinf.o(x$fpl$dretinf)
    _fp_init                                 0x08014545   Thumb Code    10  fpinit.o(x$fpl$fpinit)
    __fplib_config_fpu_vfp                   0x0801454d   Thumb Code     0  fpinit.o(x$fpl$fpinit)
    __fplib_config_pureend_doubles           0x0801454d   Thumb Code     0  fpinit.o(x$fpl$fpinit)
    __I$use$fp                               0x0801454e   Number         0  usenofp.o(x$fpl$usenofp)
    asc2_1206                                0x0801454e   Data        1140  lcd.o(.constdata)
    asc2_1608                                0x080149c2   Data        1520  lcd.o(.constdata)
    asc2_2412                                0x08014fb2   Data        3420  lcd.o(.constdata)
    ov2640_sxga_init_reg_tbl                 0x08015d0e   Data         356  ov2640.o(.constdata)
    ov2640_svga_init_reg_tbl                 0x08015e72   Data         354  ov2640.o(.constdata)
    ov2640_jpeg_reg_tbl                      0x08015fd4   Data          14  ov2640.o(.constdata)
    ov2640_rgb565_reg_tbl                    0x08015fe2   Data          28  ov2640.o(.constdata)
    ov2640_yuv422_reg_tbl                    0x08015ffe   Data          16  ov2640.o(.constdata)
    FSMC_DefaultTimingStruct                 0x08016038   Data          28  stm32f4xx_fsmc.o(.constdata)
    memtblsize                               0x08016054   Data          12  malloc.o(.constdata)
    memblksize                               0x08016060   Data          12  malloc.o(.constdata)
    memsize                                  0x0801606c   Data          12  malloc.o(.constdata)
    FILE_TYPE_TBL                            0x080160b4   Data         112  exfuns.o(.constdata)
    GBK24_PATH                               0x080164e4   Data           4  fontupd.o(.constdata)
    GBK16_PATH                               0x080164e8   Data           4  fontupd.o(.constdata)
    GBK12_PATH                               0x080164ec   Data           4  fontupd.o(.constdata)
    UNIGBK_PATH                              0x080164f0   Data           4  fontupd.o(.constdata)
    _aMaskTbl                                0x080164f4   Data          32  gif.o(.constdata)
    _aInterlaceOffset                        0x08016514   Data           4  gif.o(.constdata)
    _aInterlaceYPos                          0x08016518   Data           4  gif.o(.constdata)
    Region$$Table$$Base                      0x08016b9c   Number         0  anon$$obj.o(Region$$Table)
    Region$$Table$$Limit                     0x08016bbc   Number         0  anon$$obj.o(Region$$Table)
    mem3base                                 0x10000000   Data       61440  malloc.o(.ARM.__AT_0x10000000)
    mem3mapbase                              0x1000f000   Data        3840  malloc.o(.ARM.__AT_0x1000F000)
    ov2640_mode                              0x20000000   Data           1  main.o(.data)
    jpeg_data_len                            0x20000004   Data           4  main.o(.data)
    jpeg_data_ok                             0x20000008   Data           1  main.o(.data)
    jpeg_buf0                                0x2000000c   Data           4  main.o(.data)
    jpeg_buf1                                0x20000010   Data           4  main.o(.data)
    jpeg_data_buf                            0x20000014   Data           4  main.o(.data)
    SystemCoreClock                          0x20000018   Data           4  system_stm32f4xx.o(.data)
    AHBPrescTable                            0x2000001c   Data          16  system_stm32f4xx.o(.data)
    POINT_COLOR                              0x2000002c   Data           2  lcd.o(.data)
    BACK_COLOR                               0x2000002e   Data           2  lcd.o(.data)
    W25QXX_TYPE                              0x20000032   Data           2  w25qxx.o(.data)
    TransferError                            0x2000003e   Data           1  sdio_sdcard.o(.data)
    TransferEnd                              0x2000003f   Data           1  sdio_sdcard.o(.data)
    tempbuff                                 0x20000040   Data           4  sdio_sdcard.o(.data)
    ov_frame                                 0x20000044   Data           1  dcmi.o(.data)
    dcmi_rx_callback                         0x20000048   Data           4  dcmi.o(.data)
    __stdout                                 0x20000050   Data           4  usart.o(.data)
    USART_RX_STA                             0x20000054   Data           2  usart.o(.data)
    mallco_dev                               0x20000068   Data          36  malloc.o(.data)
    sys_cmd_tab                              0x2000008c   Data          28  usmart.o(.data)
    usmart_nametab                           0x200000a8   Data          40  usmart_config.o(.data)
    usmart_dev                               0x200000d0   Data         244  usmart_config.o(.data)
    FLASH_SECTOR_COUNT                       0x200001c4   Data           2  diskio.o(.data)
    file                                     0x200001c8   Data           4  exfuns.o(.data)
    ftemp                                    0x200001cc   Data           4  exfuns.o(.data)
    br                                       0x200001d0   Data           4  exfuns.o(.data)
    bw                                       0x200001d4   Data           4  exfuns.o(.data)
    fatbuf                                   0x200001d8   Data           4  exfuns.o(.data)
    gifdecoding                              0x200001dc   Data           1  gif.o(.data)
    f_jpeg                                   0x200001e0   Data           4  tjpgd.o(.data)
    jpeg_dev                                 0x200001e4   Data           4  tjpgd.o(.data)
    jpg_buffer                               0x200001e8   Data           4  tjpgd.o(.data)
    lcddev                                   0x200001ec   Data          14  lcd.o(.bss)
    W25QXX_BUFFER                            0x200001fa   Data        4096  w25qxx.o(.bss)
    SDIO_InitStructure                       0x20001200   Data          24  sdio_sdcard.o(.bss)
    SDIO_CmdInitStructure                    0x20001218   Data          20  sdio_sdcard.o(.bss)
    SDIO_DataInitStructure                   0x2000122c   Data          24  sdio_sdcard.o(.bss)
    SDCardInfo                               0x20001268   Data          88  sdio_sdcard.o(.bss)
    SDIO_DATA_BUFFER                         0x200012c0   Data         512  sdio_sdcard.o(.bss)
    DCMI_InitStructure                       0x200014c0   Data          14  dcmi.o(.bss)
    USART_RX_BUF                             0x200014ce   Data         200  usart.o(.bss)
    mem1base                                 0x200015a0   Data       102400  malloc.o(.bss)
    mem1mapbase                              0x2001a5a0   Data        6400  malloc.o(.bss)
    fs                                       0x2001beac   Data          12  exfuns.o(.bss)
    fileinfo                                 0x2001beb8   Data          32  exfuns.o(.bss)
    dir                                      0x2001bed8   Data          36  exfuns.o(.bss)
    ftinfo                                   0x2001befc   Data          33  fontupd.o(.bss)
    picinfo                                  0x2001bf20   Data          40  piclib.o(.bss)
    pic_phy                                  0x2001bf48   Data          20  piclib.o(.bss)
    __libspace_start                         0x2001bf5c   Data          96  libspace.o(.bss)
    __temporary_stack_top$libspace           0x2001bfbc   Data           0  libspace.o(.bss)
    mem2base                                 0x68000000   Data       983040  malloc.o(.ARM.__AT_0x68000000)
    mem2mapbase                              0x680f0000   Data       61440  malloc.o(.ARM.__AT_0x680F0000)



==============================================================================

Memory Map of the image

  Image Entry point : 0x08000189

  Load Region LR_IROM1 (Base: 0x08000000, Size: 0x00016da8, Max: 0x00100000, ABSOLUTE, COMPRESSED[0x00016c48])

    Execution Region ER_IROM1 (Base: 0x08000000, Size: 0x00016bbc, Max: 0x00100000, ABSOLUTE)

    Base Addr    Size         Type   Attr      Idx    E Section Name        Object

    0x08000000   0x00000188   Data   RO          685    RESET               startup_stm32f40_41xxx.o
    0x08000188   0x00000008   Code   RO         1383  * !!!main             c_w.l(__main.o)
    0x08000190   0x00000034   Code   RO         1588    !!!scatter          c_w.l(__scatter.o)
    0x080001c4   0x0000005a   Code   RO         1586    !!dczerorl2         c_w.l(__dczerorl2.o)
    0x0800021e   0x00000002   PAD
    0x08000220   0x0000001c   Code   RO         1590    !!handler_zi        c_w.l(__scatter_zi.o)
    0x0800023c   0x00000000   Code   RO         1370    .ARM.Collect$$_printf_percent$$00000000  c_w.l(_printf_percent.o)
    0x0800023c   0x00000006   Code   RO         1368    .ARM.Collect$$_printf_percent$$00000009  c_w.l(_printf_d.o)
    0x08000242   0x00000006   Code   RO         1369    .ARM.Collect$$_printf_percent$$0000000A  c_w.l(_printf_u.o)
    0x08000248   0x00000006   Code   RO         1367    .ARM.Collect$$_printf_percent$$0000000C  c_w.l(_printf_x.o)
    0x0800024e   0x00000006   Code   RO         1365    .ARM.Collect$$_printf_percent$$00000013  c_w.l(_printf_c.o)
    0x08000254   0x00000006   Code   RO         1366    .ARM.Collect$$_printf_percent$$00000014  c_w.l(_printf_s.o)
    0x0800025a   0x00000004   Code   RO         1412    .ARM.Collect$$_printf_percent$$00000017  c_w.l(_printf_percent_end.o)
    0x0800025e   0x00000002   Code   RO         1456    .ARM.Collect$$libinit$$00000000  c_w.l(libinit.o)
    0x08000260   0x00000004   Code   RO         1466    .ARM.Collect$$libinit$$00000001  c_w.l(libinit2.o)
    0x08000264   0x00000000   Code   RO         1469    .ARM.Collect$$libinit$$00000004  c_w.l(libinit2.o)
    0x08000264   0x00000000   Code   RO         1472    .ARM.Collect$$libinit$$0000000A  c_w.l(libinit2.o)
    0x08000264   0x00000000   Code   RO         1474    .ARM.Collect$$libinit$$0000000C  c_w.l(libinit2.o)
    0x08000264   0x00000000   Code   RO         1476    .ARM.Collect$$libinit$$0000000E  c_w.l(libinit2.o)
    0x08000264   0x00000000   Code   RO         1479    .ARM.Collect$$libinit$$00000011  c_w.l(libinit2.o)
    0x08000264   0x00000000   Code   RO         1481    .ARM.Collect$$libinit$$00000013  c_w.l(libinit2.o)
    0x08000264   0x00000000   Code   RO         1483    .ARM.Collect$$libinit$$00000015  c_w.l(libinit2.o)
    0x08000264   0x00000000   Code   RO         1485    .ARM.Collect$$libinit$$00000017  c_w.l(libinit2.o)
    0x08000264   0x00000000   Code   RO         1487    .ARM.Collect$$libinit$$00000019  c_w.l(libinit2.o)
    0x08000264   0x00000000   Code   RO         1489    .ARM.Collect$$libinit$$0000001B  c_w.l(libinit2.o)
    0x08000264   0x00000000   Code   RO         1491    .ARM.Collect$$libinit$$0000001D  c_w.l(libinit2.o)
    0x08000264   0x00000000   Code   RO         1493    .ARM.Collect$$libinit$$0000001F  c_w.l(libinit2.o)
    0x08000264   0x00000000   Code   RO         1495    .ARM.Collect$$libinit$$00000021  c_w.l(libinit2.o)
    0x08000264   0x00000000   Code   RO         1497    .ARM.Collect$$libinit$$00000023  c_w.l(libinit2.o)
    0x08000264   0x00000000   Code   RO         1499    .ARM.Collect$$libinit$$00000025  c_w.l(libinit2.o)
    0x08000264   0x00000000   Code   RO         1503    .ARM.Collect$$libinit$$0000002C  c_w.l(libinit2.o)
    0x08000264   0x00000000   Code   RO         1505    .ARM.Collect$$libinit$$0000002E  c_w.l(libinit2.o)
    0x08000264   0x00000000   Code   RO         1507    .ARM.Collect$$libinit$$00000030  c_w.l(libinit2.o)
    0x08000264   0x00000000   Code   RO         1509    .ARM.Collect$$libinit$$00000032  c_w.l(libinit2.o)
    0x08000264   0x00000002   Code   RO         1510    .ARM.Collect$$libinit$$00000033  c_w.l(libinit2.o)
    0x08000266   0x00000002   Code   RO         1538    .ARM.Collect$$libshutdown$$00000000  c_w.l(libshutdown.o)
    0x08000268   0x00000000   Code   RO         1552    .ARM.Collect$$libshutdown$$00000002  c_w.l(libshutdown2.o)
    0x08000268   0x00000000   Code   RO         1554    .ARM.Collect$$libshutdown$$00000004  c_w.l(libshutdown2.o)
    0x08000268   0x00000000   Code   RO         1557    .ARM.Collect$$libshutdown$$00000007  c_w.l(libshutdown2.o)
    0x08000268   0x00000000   Code   RO         1560    .ARM.Collect$$libshutdown$$0000000A  c_w.l(libshutdown2.o)
    0x08000268   0x00000000   Code   RO         1562    .ARM.Collect$$libshutdown$$0000000C  c_w.l(libshutdown2.o)
    0x08000268   0x00000000   Code   RO         1565    .ARM.Collect$$libshutdown$$0000000F  c_w.l(libshutdown2.o)
    0x08000268   0x00000002   Code   RO         1566    .ARM.Collect$$libshutdown$$00000010  c_w.l(libshutdown2.o)
    0x0800026a   0x00000000   Code   RO         1399    .ARM.Collect$$rtentry$$00000000  c_w.l(__rtentry.o)
    0x0800026a   0x00000000   Code   RO         1421    .ARM.Collect$$rtentry$$00000002  c_w.l(__rtentry2.o)
    0x0800026a   0x00000006   Code   RO         1433    .ARM.Collect$$rtentry$$00000004  c_w.l(__rtentry4.o)
    0x08000270   0x00000000   Code   RO         1423    .ARM.Collect$$rtentry$$00000009  c_w.l(__rtentry2.o)
    0x08000270   0x00000004   Code   RO         1424    .ARM.Collect$$rtentry$$0000000A  c_w.l(__rtentry2.o)
    0x08000274   0x00000000   Code   RO         1426    .ARM.Collect$$rtentry$$0000000C  c_w.l(__rtentry2.o)
    0x08000274   0x00000008   Code   RO         1427    .ARM.Collect$$rtentry$$0000000D  c_w.l(__rtentry2.o)
    0x0800027c   0x00000002   Code   RO         1460    .ARM.Collect$$rtexit$$00000000  c_w.l(rtexit.o)
    0x0800027e   0x00000000   Code   RO         1512    .ARM.Collect$$rtexit$$00000002  c_w.l(rtexit2.o)
    0x0800027e   0x00000004   Code   RO         1513    .ARM.Collect$$rtexit$$00000003  c_w.l(rtexit2.o)
    0x08000282   0x00000006   Code   RO         1514    .ARM.Collect$$rtexit$$00000004  c_w.l(rtexit2.o)
    0x08000288   0x00000010   Code   RO          636    .emb_text           sys.o
    0x08000298   0x000008c0   Code   RO            3    .text               main.o
    0x08000b58   0x0000001a   Code   RO          242    .text               stm32f4xx_it.o
    0x08000b72   0x00000002   PAD
    0x08000b74   0x00000210   Code   RO          291    .text               system_stm32f4xx.o
    0x08000d84   0x00000040   Code   RO          317    .text               led.o
    0x08000dc4   0x00004c80   Code   RO          337    .text               lcd.o
    0x08005a44   0x00000104   Code   RO          375    .text               key.o
    0x08005b48   0x00000040   Code   RO          396    .text               beep.o
    0x08005b88   0x000002f8   Code   RO          416    .text               sram.o
    0x08005e80   0x00000118   Code   RO          436    .text               spi.o
    0x08005f98   0x00000388   Code   RO          459    .text               w25qxx.o
    0x08006320   0x00001d60   Code   RO          486    .text               sdio_sdcard.o
    0x08008080   0x00000304   Code   RO          520    .text               dcmi.o
    0x08008384   0x000005e0   Code   RO          547    .text               ov2640.o
    0x08008964   0x00000274   Code   RO          573    .text               sccb.o
    0x08008bd8   0x00000094   Code   RO          593    .text               timer.o
    0x08008c6c   0x00000104   Code   RO          614    .text               delay.o
    0x08008d70   0x00000148   Code   RO          654    .text               usart.o
    0x08008eb8   0x00000040   Code   RO          686    .text               startup_stm32f40_41xxx.o
    0x08008ef8   0x000000e0   Code   RO          692    .text               misc.o
    0x08008fd8   0x000005c8   Code   RO          712    .text               stm32f4xx_fsmc.o
    0x080095a0   0x00000294   Code   RO          735    .text               stm32f4xx_gpio.o
    0x08009834   0x0000065c   Code   RO          755    .text               stm32f4xx_rcc.o
    0x08009e90   0x000001dc   Code   RO          777    .text               stm32f4xx_sdio.o
    0x0800a06c   0x00000480   Code   RO          797    .text               stm32f4xx_spi.o
    0x0800a4ec   0x00000ca2   Code   RO          817    .text               stm32f4xx_tim.o
    0x0800b18e   0x00000002   PAD
    0x0800b190   0x00000454   Code   RO          837    .text               stm32f4xx_usart.o
    0x0800b5e4   0x000003a8   Code   RO          877    .text               stm32f4xx_dma.o
    0x0800b98c   0x0000018c   Code   RO          897    .text               stm32f4xx_dcmi.o
    0x0800bb18   0x0000022c   Code   RO          917    .text               malloc.o
    0x0800bd44   0x00000c34   Code   RO          949    .text               usmart.o
    0x0800c978   0x00000528   Code   RO          994    .text               usmart_str.o
    0x0800cea0   0x00000200   Code   RO         1014    .text               diskio.o
    0x0800d0a0   0x0000329a   Code   RO         1038    .text               ff.o
    0x0801033a   0x00000002   PAD
    0x0801033c   0x00000198   Code   RO         1062    .text               exfuns.o
    0x080104d4   0x000000cc   Code   RO         1118    .text               mycc936.o
    0x080105a0   0x000005e0   Code   RO         1139    .text               fontupd.o
    0x08010b80   0x000002d4   Code   RO         1171    .text               text.o
    0x08010e54   0x00000860   Code   RO         1191    .text               bmp.o
    0x080116b4   0x00000ea0   Code   RO         1211    .text               gif.o
    0x08012554   0x000002c4   Code   RO         1238    .text               piclib.o
    0x08012818   0x00001270   Code   RO         1264    .text               tjpgd.o
    0x08013a88   0x00000002   Code   RO         1304    .text               c_w.l(use_no_semi_2.o)
    0x08013a8a   0x00000048   Code   RO         1306    .text               c_w.l(llsdiv.o)
    0x08013ad2   0x00000002   PAD
    0x08013ad4   0x00000018   Code   RO         1312    .text               c_w.l(noretval__2printf.o)
    0x08013aec   0x00000028   Code   RO         1314    .text               c_w.l(noretval__2sprintf.o)
    0x08013b14   0x0000004e   Code   RO         1318    .text               c_w.l(_printf_pad.o)
    0x08013b62   0x00000052   Code   RO         1320    .text               c_w.l(_printf_str.o)
    0x08013bb4   0x00000078   Code   RO         1322    .text               c_w.l(_printf_dec.o)
    0x08013c2c   0x00000058   Code   RO         1327    .text               c_w.l(_printf_hex_int.o)
    0x08013c84   0x00000188   Code   RO         1362    .text               c_w.l(__printf_flags_ss_wp.o)
    0x08013e0c   0x00000048   Code   RO         1371    .text               c_w.l(strcpy.o)
    0x08013e54   0x0000003e   Code   RO         1373    .text               c_w.l(strlen.o)
    0x08013e92   0x00000018   Code   RO         1375    .text               c_w.l(strcat.o)
    0x08013eaa   0x0000008a   Code   RO         1377    .text               c_w.l(rt_memcpy_v6.o)
    0x08013f34   0x00000080   Code   RO         1379    .text               c_w.l(strcmpv7m.o)
    0x08013fb4   0x00000006   Code   RO         1381    .text               c_w.l(heapauxi.o)
    0x08013fba   0x00000002   Code   RO         1397    .text               c_w.l(use_no_semi.o)
    0x08013fbc   0x000000ee   Code   RO         1400    .text               c_w.l(lludivv7m.o)
    0x080140aa   0x000000b2   Code   RO         1402    .text               c_w.l(_printf_intcommon.o)
    0x0801415c   0x00000030   Code   RO         1404    .text               c_w.l(_printf_char_common.o)
    0x0801418c   0x0000000a   Code   RO         1406    .text               c_w.l(_sputc.o)
    0x08014196   0x0000002c   Code   RO         1408    .text               c_w.l(_printf_char.o)
    0x080141c2   0x00000002   PAD
    0x080141c4   0x00000024   Code   RO         1410    .text               c_w.l(_printf_char_file.o)
    0x080141e8   0x00000064   Code   RO         1413    .text               c_w.l(rt_memcpy_w.o)
    0x0801424c   0x00000008   Code   RO         1441    .text               c_w.l(ferror.o)
    0x08014254   0x0000004a   Code   RO         1445    .text               c_w.l(sys_stackheap_outer.o)
    0x0801429e   0x00000012   Code   RO         1449    .text               c_w.l(exit.o)
    0x080142b0   0x00000008   Code   RO         1457    .text               c_w.l(libspace.o)
    0x080142b8   0x0000000e   Code   RO         1355    i._is_digit         c_w.l(__printf_wp.o)
    0x080142c6   0x00000002   PAD
    0x080142c8   0x0000005a   Code   RO         1385    x$fpl$dfixu         fz_wm.l(dfixu.o)
    0x08014322   0x00000026   Code   RO         1389    x$fpl$dfltu         fz_wm.l(dflt_clz.o)
    0x08014348   0x00000154   Code   RO         1395    x$fpl$dmul          fz_wm.l(dmul.o)
    0x0801449c   0x0000009c   Code   RO         1415    x$fpl$dnaninf       fz_wm.l(dnaninf.o)
    0x08014538   0x0000000c   Code   RO         1417    x$fpl$dretinf       fz_wm.l(dretinf.o)
    0x08014544   0x0000000a   Code   RO         1526    x$fpl$fpinit        fz_wm.l(fpinit.o)
    0x0801454e   0x00000000   Code   RO         1419    x$fpl$usenofp       fz_wm.l(usenofp.o)
    0x0801454e   0x000017c0   Data   RO          339    .constdata          lcd.o
    0x08015d0e   0x00000328   Data   RO          548    .constdata          ov2640.o
    0x08016036   0x00000002   PAD
    0x08016038   0x0000001c   Data   RO          713    .constdata          stm32f4xx_fsmc.o
    0x08016054   0x00000024   Data   RO          923    .constdata          malloc.o
    0x08016078   0x0000003a   Data   RO         1040    .constdata          ff.o
    0x080160b2   0x00000002   PAD
    0x080160b4   0x00000070   Data   RO         1064    .constdata          exfuns.o
    0x08016124   0x000003c0   Data   RO         1119    .constdata          mycc936.o
    0x080164e4   0x00000010   Data   RO         1141    .constdata          fontupd.o
    0x080164f4   0x00000028   Data   RO         1212    .constdata          gif.o
    0x0801651c   0x000004c0   Data   RO         1265    .constdata          tjpgd.o
    0x080169dc   0x00000028   Data   RO         1328    .constdata          c_w.l(_printf_hex_int.o)
    0x08016a04   0x00000011   Data   RO         1363    .constdata          c_w.l(__printf_flags_ss_wp.o)
    0x08016a15   0x00000003   PAD
    0x08016a18   0x00000028   Data   RO          950    .conststring        usmart.o
    0x08016a40   0x000000bc   Data   RO          973    .conststring        usmart_config.o
    0x08016afc   0x00000040   Data   RO         1065    .conststring        exfuns.o
    0x08016b3c   0x0000005f   Data   RO         1142    .conststring        fontupd.o
    0x08016b9b   0x00000001   PAD
    0x08016b9c   0x00000020   Data   RO         1584    Region$$Table       anon$$obj.o


    Execution Region RW_IRAM1 (Base: 0x20000000, Size: 0x0001c5c0, Max: 0x00020000, ABSOLUTE, COMPRESSED[0x0000008c])

    Base Addr    Size         Type   Attr      Idx    E Section Name        Object

    0x20000000   0x00000018   Data   RW            4    .data               main.o
    0x20000018   0x00000014   Data   RW          292    .data               system_stm32f4xx.o
    0x2000002c   0x00000004   Data   RW          340    .data               lcd.o
    0x20000030   0x00000001   Data   RW          376    .data               key.o
    0x20000031   0x00000001   PAD
    0x20000032   0x00000002   Data   RW          461    .data               w25qxx.o
    0x20000034   0x00000010   Data   RW          488    .data               sdio_sdcard.o
    0x20000044   0x00000008   Data   RW          522    .data               dcmi.o
    0x2000004c   0x00000004   Data   RW          615    .data               delay.o
    0x20000050   0x00000006   Data   RW          656    .data               usart.o
    0x20000056   0x00000010   Data   RW          756    .data               stm32f4xx_rcc.o
    0x20000066   0x00000002   PAD
    0x20000068   0x00000024   Data   RW          924    .data               malloc.o
    0x2000008c   0x0000001c   Data   RW          951    .data               usmart.o
    0x200000a8   0x0000011c   Data   RW          974    .data               usmart_config.o
    0x200001c4   0x00000002   Data   RW         1015    .data               diskio.o
    0x200001c6   0x00000002   Data   RW         1041    .data               ff.o
    0x200001c8   0x00000014   Data   RW         1066    .data               exfuns.o
    0x200001dc   0x00000001   Data   RW         1213    .data               gif.o
    0x200001dd   0x00000003   PAD
    0x200001e0   0x0000000c   Data   RW         1266    .data               tjpgd.o
    0x200001ec   0x0000000e   Zero   RW          338    .bss                lcd.o
    0x200001fa   0x00001000   Zero   RW          460    .bss                w25qxx.o
    0x200011fa   0x00000006   PAD
    0x20001200   0x000002c0   Zero   RW          487    .bss                sdio_sdcard.o
    0x200014c0   0x0000000e   Zero   RW          521    .bss                dcmi.o
    0x200014ce   0x000000c8   Zero   RW          655    .bss                usart.o
    0x20001596   0x0000000a   PAD
    0x200015a0   0x0001a900   Zero   RW          922    .bss                malloc.o
    0x2001bea0   0x0000000c   Zero   RW         1039    .bss                ff.o
    0x2001beac   0x00000050   Zero   RW         1063    .bss                exfuns.o
    0x2001befc   0x00000021   Zero   RW         1140    .bss                fontupd.o
    0x2001bf1d   0x00000003   PAD
    0x2001bf20   0x0000003c   Zero   RW         1239    .bss                piclib.o
    0x2001bf5c   0x00000060   Zero   RW         1458    .bss                c_w.l(libspace.o)
    0x2001bfbc   0x00000004   PAD
    0x2001bfc0   0x00000200   Zero   RW          684    HEAP                startup_stm32f40_41xxx.o
    0x2001c1c0   0x00000400   Zero   RW          683    STACK               startup_stm32f40_41xxx.o



  Load Region LR$$.ARM.__AT_0x10000000 (Base: 0x10000000, Size: 0x00000000, Max: 0x0000f000, ABSOLUTE)

    Execution Region ER$$.ARM.__AT_0x10000000 (Base: 0x10000000, Size: 0x0000f000, Max: 0x0000f000, ABSOLUTE, UNINIT)

    Base Addr    Size         Type   Attr      Idx    E Section Name        Object

    0x10000000   0x0000f000   Zero   RW          918    .ARM.__AT_0x10000000  malloc.o



  Load Region LR$$.ARM.__AT_0x1000F000 (Base: 0x1000f000, Size: 0x00000000, Max: 0x00000f00, ABSOLUTE)

    Execution Region ER$$.ARM.__AT_0x1000F000 (Base: 0x1000f000, Size: 0x00000f00, Max: 0x00000f00, ABSOLUTE, UNINIT)

    Base Addr    Size         Type   Attr      Idx    E Section Name        Object

    0x1000f000   0x00000f00   Zero   RW          919    .ARM.__AT_0x1000F000  malloc.o



  Load Region LR$$.ARM.__AT_0x68000000 (Base: 0x68000000, Size: 0x00000000, Max: 0x000f0000, ABSOLUTE)

    Execution Region ER$$.ARM.__AT_0x68000000 (Base: 0x68000000, Size: 0x000f0000, Max: 0x000f0000, ABSOLUTE, UNINIT)

    Base Addr    Size         Type   Attr      Idx    E Section Name        Object

    0x68000000   0x000f0000   Zero   RW          920    .ARM.__AT_0x68000000  malloc.o



  Load Region LR$$.ARM.__AT_0x680F0000 (Base: 0x680f0000, Size: 0x00000000, Max: 0x0000f000, ABSOLUTE)

    Execution Region ER$$.ARM.__AT_0x680F0000 (Base: 0x680f0000, Size: 0x0000f000, Max: 0x0000f000, ABSOLUTE, UNINIT)

    Base Addr    Size         Type   Attr      Idx    E Section Name        Object

    0x680f0000   0x0000f000   Zero   RW          921    .ARM.__AT_0x680F0000  malloc.o


==============================================================================

Image component sizes


      Code (inc. data)   RO Data    RW Data    ZI Data      Debug   Object Name

        64          4          0          0          0        532   beep.o
      2144         24          0          0          0       5246   bmp.o
       772         46          0          8         14       3225   dcmi.o
       260          8          0          4          0       1485   delay.o
       512          8          0          2          0       4422   diskio.o
       408         22        176         20         80       2808   exfuns.o
     12954        136         58          2         12      38318   ff.o
      1504        158        111          0         33       4288   fontupd.o
      3744         24         40          1          0      10398   gif.o
       260         12          0          1          0        880   key.o
     19584        174       6080          4         14      22886   lcd.o
        64          4          0          0          0        527   led.o
      2240        346          0         24          0     331653   main.o
       556         18         36         36    1218560       5001   malloc.o
       224         20          0          0          0       1825   misc.o
       204         12        960          0          0       1681   mycc936.o
      1504         66        808          0          0       6125   ov2640.o
       708         34          0          0         60       4855   piclib.o
       628         12          0          0          0       2075   sccb.o
      7520        282          0         16        704      25273   sdio_sdcard.o
       280          8          0          0          0       1077   spi.o
       760         20          0          0          0       1928   sram.o
        64         26        392          0       1536        840   startup_stm32f40_41xxx.o
       396          4          0          0          0       3486   stm32f4xx_dcmi.o
       936         32          0          0          0       6397   stm32f4xx_dma.o
      1480         18         28          0          0       5658   stm32f4xx_fsmc.o
       660         44          0          0          0       4165   stm32f4xx_gpio.o
        26          0          0          0          0       1226   stm32f4xx_it.o
      1628         52          0         16          0      13044   stm32f4xx_rcc.o
       476         16          0          0          0       7428   stm32f4xx_sdio.o
      1152         36          0          0          0       6913   stm32f4xx_spi.o
      3234         60          0          0          0      23020   stm32f4xx_tim.o
      1108         34          0          0          0       7888   stm32f4xx_usart.o
        16          0          0          0          0        492   sys.o
       528         46          0         20          0       1787   system_stm32f4xx.o
       724         16          0          0          0       3136   text.o
       148         20          0          0          0        828   timer.o
      4720         70       1216         12          0      17359   tjpgd.o
       328         16          0          6        200       3306   usart.o
      3124       1286         40         28          0       4434   usmart.o
         0          0        188        284          0       1532   usmart_config.o
      1320         12          0          0          0       5345   usmart_str.o
       904         34          0          2       4096       4505   w25qxx.o

    ----------------------------------------------------------------------
     79872       3260      10170        492    1225328     599297   Object Totals
         0          0         32          0          0          0   (incl. Generated)
         6          0          5          6         19          0   (incl. Padding)

    ----------------------------------------------------------------------

      Code (inc. data)   RO Data    RW Data    ZI Data      Debug   Library Member Name

        90          0          0          0          0          0   __dczerorl2.o
         8          0          0          0          0         68   __main.o
       392          4         17          0          0         92   __printf_flags_ss_wp.o
        14          0          0          0          0         68   __printf_wp.o
         0          0          0          0          0          0   __rtentry.o
        12          0          0          0          0          0   __rtentry2.o
         6          0          0          0          0          0   __rtentry4.o
        52          8          0          0          0          0   __scatter.o
        28          0          0          0          0          0   __scatter_zi.o
         6          0          0          0          0          0   _printf_c.o
        44          0          0          0          0        108   _printf_char.o
        48          6          0          0          0         96   _printf_char_common.o
        36          4          0          0          0         80   _printf_char_file.o
         6          0          0          0          0          0   _printf_d.o
       120         16          0          0          0         92   _printf_dec.o
        88          4         40          0          0         88   _printf_hex_int.o
       178          0          0          0          0         88   _printf_intcommon.o
        78          0          0          0          0        108   _printf_pad.o
         0          0          0          0          0          0   _printf_percent.o
         4          0          0          0          0          0   _printf_percent_end.o
         6          0          0          0          0          0   _printf_s.o
        82          0          0          0          0         80   _printf_str.o
         6          0          0          0          0          0   _printf_u.o
         6          0          0          0          0          0   _printf_x.o
        10          0          0          0          0         68   _sputc.o
        18          0          0          0          0         80   exit.o
         8          0          0          0          0         68   ferror.o
         6          0          0          0          0        152   heapauxi.o
         2          0          0          0          0          0   libinit.o
         6          0          0          0          0          0   libinit2.o
         2          0          0          0          0          0   libshutdown.o
         2          0          0          0          0          0   libshutdown2.o
         8          4          0          0         96         68   libspace.o
        72          0          0          0          0         76   llsdiv.o
       238          0          0          0          0        100   lludivv7m.o
        24          4          0          0          0         84   noretval__2printf.o
        40          6          0          0          0         84   noretval__2sprintf.o
       138          0          0          0          0         68   rt_memcpy_v6.o
       100          0          0          0          0         80   rt_memcpy_w.o
         2          0          0          0          0          0   rtexit.o
        10          0          0          0          0          0   rtexit2.o
        24          0          0          0          0         68   strcat.o
       128          0          0          0          0         68   strcmpv7m.o
        72          0          0          0          0         80   strcpy.o
        62          0          0          0          0         76   strlen.o
        74          0          0          0          0         80   sys_stackheap_outer.o
         2          0          0          0          0         68   use_no_semi.o
         2          0          0          0          0         68   use_no_semi_2.o
        90          4          0          0          0        140   dfixu.o
        38          0          0          0          0        116   dflt_clz.o
       340         12          0          0          0        152   dmul.o
       156          4          0          0          0        140   dnaninf.o
        12          0          0          0          0        116   dretinf.o
        10          0          0          0          0        116   fpinit.o
         0          0          0          0          0          0   usenofp.o

    ----------------------------------------------------------------------
      3014         76         60          0        100       3184   Library Totals
         8          0          3          0          4          0   (incl. Padding)

    ----------------------------------------------------------------------

      Code (inc. data)   RO Data    RW Data    ZI Data      Debug   Library Name

      2360         56         57          0         96       2404   c_w.l
       646         20          0          0          0        780   fz_wm.l

    ----------------------------------------------------------------------
      3014         76         60          0        100       3184   Library Totals

    ----------------------------------------------------------------------

==============================================================================


      Code (inc. data)   RO Data    RW Data    ZI Data      Debug   

     82886       3336      10230        492    1225428     591881   Grand Totals
     82886       3336      10230        140    1225428     591881   ELF Image Totals (compressed)
     82886       3336      10230        140          0          0   ROM Totals

==============================================================================

    Total RO  Size (Code + RO Data)                93116 (  90.93kB)
    Total RW  Size (RW Data + ZI Data)           1225920 (1197.19kB)
    Total ROM Size (Code + RO Data + RW Data)      93256 (  91.07kB)

==============================================================================

