<html>
<body>
<pre>
<h1>µVision Build Log</h1>
<h2>Tool Versions:</h2>
IDE-Version: ¦ÌVision V5.21.1.0
Copyright (C) 2016 ARM Ltd and ARM Germany GmbH. All rights reserved.
License Information: 1 1, 1, LIC=TA3WF-6QLV8-D14PR-KDAG8-8UHXU-K4443
 
Tool Versions:
Toolchain:       MDK-ARM Professional  Version: 5.21a
Toolchain Path:  E:\MDK5\ARM\ARMCC\Bin
C Compiler:      Armcc.exe V5.06 update 3 (build 300)
Assembler:       Armasm.exe V5.06 update 3 (build 300)
Linker/Locator:  ArmLink.exe V5.06 update 3 (build 300)
Library Manager: ArmAr.exe V5.06 update 3 (build 300)
Hex Converter:   FromElf.exe V5.06 update 3 (build 300)
CPU DLL:         SARMCM3.DLL V5.21a
Dialog DLL:      DCM.DLL V1.13.8.0
Target DLL:      STLink\ST-LINKIII-KEIL_SWO.dll V2.0.18.0
Dialog DLL:      TCM.DLL V1.14.14.0
 
<h2>Project:</h2>
D:\21-git_box\camera\2_original_main_project\USER\CAMERA.uvprojx
Project File Date:  10/30/2019

<h2>Output:</h2>
*** Using Compiler 'V5.06 update 3 (build 300)', folder: 'E:\MDK5\ARM\ARMCC\Bin'
Rebuild target 'CAMERA'
compiling stm32f4xx_it.c...
compiling system_stm32f4xx.c...
compiling main.c...
compiling led.c...
compiling key.c...
compiling lcd.c...
compiling beep.c...
compiling sram.c...
compiling spi.c...
compiling w25qxx.c...
compiling dcmi.c...
compiling sdio_sdcard.c...
compiling ov2640.c...
compiling sccb.c...
compiling timer.c...
compiling delay.c...
compiling sys.c...
assembling startup_stm32f40_41xxx.s...
compiling usart.c...
compiling misc.c...
compiling stm32f4xx_fsmc.c...
compiling stm32f4xx_gpio.c...
compiling stm32f4xx_rcc.c...
compiling stm32f4xx_spi.c...
compiling stm32f4xx_sdio.c...
compiling stm32f4xx_usart.c...
compiling stm32f4xx_syscfg.c...
compiling stm32f4xx_tim.c...
compiling stm32f4xx_dcmi.c...
compiling stm32f4xx_dma.c...
compiling malloc.c...
compiling usmart_config.c...
compiling usmart.c...
compiling usmart_str.c...
compiling ff.c...
compiling diskio.c...
compiling exfuns.c...
compiling fattester.c...
compiling mycc936.c...
compiling fontupd.c...
compiling text.c...
compiling bmp.c...
compiling gif.c...
compiling piclib.c...
compiling tjpgd.c...
linking...
Program Size: Code=82886 RO-data=10230 RW-data=492 ZI-data=1225428  
FromELF: creating hex file...
"..\OBJ\CAMERA.axf" - 0 Error(s), 0 Warning(s).

<h2>Collection of Component include folders:</h2>
  D:\21-git_box\camera\2_original_main_project\USER\RTE
  E:\MDK5pack\Keil\STM32F4xx_DFP\1.0.8\Device\Include

<h2>Collection of Component Files used:</h2>
Build Time Elapsed:  00:00:21
</pre>
</body>
</html>
